Using pre-set license
Built from '2021.3/staging' branch; Version is '2021.3.6f1 (7da38d85baf6) revision 8233869'; Using compiler version '192829333'; Build Type 'Release'
OS: 'Windows 10  (10.0.19045) 64bit Professional' Language: 'ko' Physical Memory: 65266 MB
BatchMode: 1, IsHumanControllingUs: 0, StartBugReporterOnCrash: 0, Is64bit: 1, IsPro: 1

COMMAND LINE ARGUMENTS:
C:\Program Files\Unity\Hub\Editor\2021.3.6f1\Editor\Unity.exe
-adb2
-batchMode
-noUpm
-name
AssetImportWorker9
-projectPath
E:/Unity/CardProject/GameProject1
-logFile
Logs/AssetImportWorker9.log
-srvPort
3885
Successfully changed project path to: E:/Unity/CardProject/GameProject1
E:/Unity/CardProject/GameProject1
[UnityMemory] Configuration Parameters - Can be set up in boot.config
    "memorysetup-bucket-allocator-granularity=16"
    "memorysetup-bucket-allocator-bucket-count=8"
    "memorysetup-bucket-allocator-block-size=33554432"
    "memorysetup-bucket-allocator-block-count=8"
    "memorysetup-main-allocator-block-size=16777216"
    "memorysetup-thread-allocator-block-size=16777216"
    "memorysetup-gfx-main-allocator-block-size=16777216"
    "memorysetup-gfx-thread-allocator-block-size=16777216"
    "memorysetup-cache-allocator-block-size=4194304"
    "memorysetup-typetree-allocator-block-size=2097152"
    "memorysetup-profiler-bucket-allocator-granularity=16"
    "memorysetup-profiler-bucket-allocator-bucket-count=8"
    "memorysetup-profiler-bucket-allocator-block-size=33554432"
    "memorysetup-profiler-bucket-allocator-block-count=8"
    "memorysetup-profiler-allocator-block-size=16777216"
    "memorysetup-profiler-editor-allocator-block-size=1048576"
    "memorysetup-temp-allocator-size-main=16777216"
    "memorysetup-job-temp-allocator-block-size=2097152"
    "memorysetup-job-temp-allocator-block-size-background=1048576"
    "memorysetup-job-temp-allocator-reduction-small-platforms=262144"
    "memorysetup-temp-allocator-size-background-worker=32768"
    "memorysetup-temp-allocator-size-job-worker=262144"
    "memorysetup-temp-allocator-size-preload-manager=33554432"
    "memorysetup-temp-allocator-size-nav-mesh-worker=65536"
    "memorysetup-temp-allocator-size-audio-worker=65536"
    "memorysetup-temp-allocator-size-cloud-worker=32768"
    "memorysetup-temp-allocator-size-gi-baking-worker=262144"
    "memorysetup-temp-allocator-size-gfx=262144"
Refreshing native plugins compatible for Editor in 62.77 ms, found 4 plugins.
Preloading 0 native plugins for Editor in 0.00 ms.
Initialize engine version: 2021.3.6f1 (7da38d85baf6)
[Subsystems] Discovering subsystems at path C:/Program Files/Unity/Hub/Editor/2021.3.6f1/Editor/Data/Resources/UnitySubsystems
[Subsystems] Discovering subsystems at path E:/Unity/CardProject/GameProject1/Assets
GfxDevice: creating device client; threaded=0; jobified=0
Direct3D:
    Version:  Direct3D 11.0 [level 11.1]
    Renderer: NVIDIA GeForce RTX 3070 (ID=0x2484)
    Vendor:   NVIDIA
    VRAM:     8018 MB
    Driver:   32.0.15.6094
Initialize mono
Mono path[0] = 'C:/Program Files/Unity/Hub/Editor/2021.3.6f1/Editor/Data/Managed'
Mono path[1] = 'C:/Program Files/Unity/Hub/Editor/2021.3.6f1/Editor/Data/MonoBleedingEdge/lib/mono/unityjit-win32'
Mono config path = 'C:/Program Files/Unity/Hub/Editor/2021.3.6f1/Editor/Data/MonoBleedingEdge/etc'
Using monoOptions --debugger-agent=transport=dt_socket,embedding=1,server=y,suspend=n,address=127.0.0.1:56428
Begin MonoManager ReloadAssembly
Registering precompiled unity dll's ...
Register platform support module: C:/Program Files/Unity/Hub/Editor/2021.3.6f1/Editor/Data/PlaybackEngines/WindowsStandaloneSupport/UnityEditor.WindowsStandalone.Extensions.dll
Registered in 0.008969 seconds.
Native extension for WindowsStandalone target not found
Refreshing native plugins compatible for Editor in 60.91 ms, found 4 plugins.
Preloading 0 native plugins for Editor in 0.00 ms.
Mono: successfully reloaded assembly
- Completed reload, in  0.391 seconds
Domain Reload Profiling:
	ReloadAssembly (391ms)
		BeginReloadAssembly (55ms)
			ExecutionOrderSort (0ms)
			DisableScriptedObjects (0ms)
			BackupInstance (0ms)
			ReleaseScriptingObjects (0ms)
			CreateAndSetChildDomain (0ms)
		EndReloadAssembly (261ms)
			LoadAssemblies (52ms)
			RebuildTransferFunctionScriptingTraits (0ms)
			SetupTypeCache (56ms)
			ReleaseScriptCaches (0ms)
			RebuildScriptCaches (15ms)
			SetupLoadedEditorAssemblies (159ms)
				LogAssemblyErrors (0ms)
				InitializePlatformSupportModulesInManaged (6ms)
				SetLoadedEditorAssemblies (0ms)
				RefreshPlugins (61ms)
				BeforeProcessingInitializeOnLoad (1ms)
				ProcessInitializeOnLoadAttributes (67ms)
				ProcessInitializeOnLoadMethodAttributes (24ms)
				AfterProcessingInitializeOnLoad (0ms)
				EditorAssembliesLoaded (0ms)
			ExecutionOrderSort2 (0ms)
			AwakeInstancesAfterBackupRestoration (0ms)
Platform modules already initialized, skipping
Registering precompiled user dll's ...
Registered in 0.004588 seconds.
Begin MonoManager ReloadAssembly
Symbol file LoadedFromMemory doesn't match image E:\Unity\CardProject\GameProject1\Library\PackageCache\com.unity.visualscripting@1.7.8\Editor\VisualScripting.Core\Dependencies\YamlDotNet\Unity.VisualScripting.YamlDotNet.dll
Symbol file LoadedFromMemory doesn't match image E:\Unity\CardProject\GameProject1\Library\PackageCache\com.unity.visualscripting@1.7.8\Editor\VisualScripting.Core\Dependencies\DotNetZip\Unity.VisualScripting.IonicZip.dll
Native extension for WindowsStandalone target not found
Refreshing native plugins compatible for Editor in 59.48 ms, found 4 plugins.
Preloading 0 native plugins for Editor in 0.00 ms.
Mono: successfully reloaded assembly
- Completed reload, in  0.682 seconds
Domain Reload Profiling:
	ReloadAssembly (682ms)
		BeginReloadAssembly (82ms)
			ExecutionOrderSort (0ms)
			DisableScriptedObjects (3ms)
			BackupInstance (0ms)
			ReleaseScriptingObjects (0ms)
			CreateAndSetChildDomain (15ms)
		EndReloadAssembly (530ms)
			LoadAssemblies (64ms)
			RebuildTransferFunctionScriptingTraits (0ms)
			SetupTypeCache (125ms)
			ReleaseScriptCaches (1ms)
			RebuildScriptCaches (32ms)
			SetupLoadedEditorAssemblies (294ms)
				LogAssemblyErrors (0ms)
				InitializePlatformSupportModulesInManaged (4ms)
				SetLoadedEditorAssemblies (0ms)
				RefreshPlugins (60ms)
				BeforeProcessingInitializeOnLoad (65ms)
				ProcessInitializeOnLoadAttributes (130ms)
				ProcessInitializeOnLoadMethodAttributes (26ms)
				AfterProcessingInitializeOnLoad (9ms)
				EditorAssembliesLoaded (0ms)
			ExecutionOrderSort2 (0ms)
			AwakeInstancesAfterBackupRestoration (4ms)
Platform modules already initialized, skipping
========================================================================
Worker process is ready to serve import requests
Launched and connected shader compiler UnityShaderCompiler.exe after 0.03 seconds
Refreshing native plugins compatible for Editor in 0.80 ms, found 4 plugins.
Preloading 0 native plugins for Editor in 0.00 ms.
Unloading 4147 Unused Serialized files (Serialized files now loaded: 0)
Unloading 38 unused Assets / (55.5 KB). Loaded Objects now: 4621.
Memory consumption went from 172.4 MB to 172.4 MB.
Total: 2.530800 ms (FindLiveObjects: 0.220800 ms CreateObjectMapping: 0.074100 ms MarkObjects: 2.175500 ms  DeleteObjects: 0.059800 ms)

AssetImportParameters requested are different than current active one (requested -> active):
  custom:video-decoder-ogg-theora: a1e56fd34408186e4bbccfd4996cb3dc -> 
  custom:container-muxer-webm: aa71ff27fc2769a1b78a27578f13a17b -> 
  custom:container-demuxer-webm: 4f35f7cbe854078d1ac9338744f61a02 -> 
  custom:video-encoder-webm-vp8: eb34c28f22e8b96e1ab97ce403110664 -> 
  custom:audio-encoder-webm-vorbis: bf7c407c2cedff20999df2af8eb42d56 -> 
  custom:framework-win-MediaFoundation: 216162199b28c13a410421893ffa2e32 -> 
  custom:container-demuxer-ogg: 62fdf1f143b41e24485cea50d1cbac27 -> 
  custom:video-decoder-webm-vp8: 9c59270c3fd7afecdb556c50c9e8de78 -> 
  custom:audio-decoder-ogg-vorbis: bf7c407c2cedff20999df2af8eb42d56 -> 
========================================================================
Received Prepare
Registering precompiled user dll's ...
Registered in 0.006109 seconds.
Begin MonoManager ReloadAssembly
Symbol file LoadedFromMemory doesn't match image E:\Unity\CardProject\GameProject1\Library\PackageCache\com.unity.visualscripting@1.7.8\Editor\VisualScripting.Core\Dependencies\YamlDotNet\Unity.VisualScripting.YamlDotNet.dll
Symbol file LoadedFromMemory doesn't match image E:\Unity\CardProject\GameProject1\Library\PackageCache\com.unity.visualscripting@1.7.8\Editor\VisualScripting.Core\Dependencies\DotNetZip\Unity.VisualScripting.IonicZip.dll
Native extension for WindowsStandalone target not found
Refreshing native plugins compatible for Editor in 0.68 ms, found 4 plugins.
Preloading 0 native plugins for Editor in 0.00 ms.
Mono: successfully reloaded assembly
- Completed reload, in  0.719 seconds
Domain Reload Profiling:
	ReloadAssembly (719ms)
		BeginReloadAssembly (124ms)
			ExecutionOrderSort (0ms)
			DisableScriptedObjects (4ms)
			BackupInstance (0ms)
			ReleaseScriptingObjects (0ms)
			CreateAndSetChildDomain (32ms)
		EndReloadAssembly (510ms)
			LoadAssemblies (87ms)
			RebuildTransferFunctionScriptingTraits (0ms)
			SetupTypeCache (143ms)
			ReleaseScriptCaches (1ms)
			RebuildScriptCaches (28ms)
			SetupLoadedEditorAssemblies (238ms)
				LogAssemblyErrors (0ms)
				InitializePlatformSupportModulesInManaged (13ms)
				SetLoadedEditorAssemblies (0ms)
				RefreshPlugins (1ms)
				BeforeProcessingInitializeOnLoad (64ms)
				ProcessInitializeOnLoadAttributes (115ms)
				ProcessInitializeOnLoadMethodAttributes (23ms)
				AfterProcessingInitializeOnLoad (22ms)
				EditorAssembliesLoaded (0ms)
			ExecutionOrderSort2 (0ms)
			AwakeInstancesAfterBackupRestoration (7ms)
Platform modules already initialized, skipping
Refreshing native plugins compatible for Editor in 2.49 ms, found 4 plugins.
Preloading 0 native plugins for Editor in 0.00 ms.
Unloading 4122 Unused Serialized files (Serialized files now loaded: 0)
Unloading 25 unused Assets / (24.6 KB). Loaded Objects now: 4624.
Memory consumption went from 170.4 MB to 170.4 MB.
Total: 2.681300 ms (FindLiveObjects: 0.312900 ms CreateObjectMapping: 0.061800 ms MarkObjects: 2.287300 ms  DeleteObjects: 0.018700 ms)

AssetImportParameters requested are different than current active one (requested -> active):
  custom:video-decoder-ogg-theora: a1e56fd34408186e4bbccfd4996cb3dc -> 
  custom:container-muxer-webm: aa71ff27fc2769a1b78a27578f13a17b -> 
  custom:container-demuxer-webm: 4f35f7cbe854078d1ac9338744f61a02 -> 
  custom:video-encoder-webm-vp8: eb34c28f22e8b96e1ab97ce403110664 -> 
  custom:audio-encoder-webm-vorbis: bf7c407c2cedff20999df2af8eb42d56 -> 
  custom:framework-win-MediaFoundation: 216162199b28c13a410421893ffa2e32 -> 
  custom:container-demuxer-ogg: 62fdf1f143b41e24485cea50d1cbac27 -> 
  custom:video-decoder-webm-vp8: 9c59270c3fd7afecdb556c50c9e8de78 -> 
  custom:audio-decoder-ogg-vorbis: bf7c407c2cedff20999df2af8eb42d56 -> 
========================================================================
Received Prepare
Registering precompiled user dll's ...
Registered in 0.004561 seconds.
Begin MonoManager ReloadAssembly
Symbol file LoadedFromMemory doesn't match image E:\Unity\CardProject\GameProject1\Library\PackageCache\com.unity.visualscripting@1.7.8\Editor\VisualScripting.Core\Dependencies\YamlDotNet\Unity.VisualScripting.YamlDotNet.dll
Symbol file LoadedFromMemory doesn't match image E:\Unity\CardProject\GameProject1\Library\PackageCache\com.unity.visualscripting@1.7.8\Editor\VisualScripting.Core\Dependencies\DotNetZip\Unity.VisualScripting.IonicZip.dll
Native extension for WindowsStandalone target not found
Refreshing native plugins compatible for Editor in 0.82 ms, found 4 plugins.
Preloading 0 native plugins for Editor in 0.00 ms.
Mono: successfully reloaded assembly
- Completed reload, in  0.665 seconds
Domain Reload Profiling:
	ReloadAssembly (665ms)
		BeginReloadAssembly (117ms)
			ExecutionOrderSort (0ms)
			DisableScriptedObjects (4ms)
			BackupInstance (0ms)
			ReleaseScriptingObjects (0ms)
			CreateAndSetChildDomain (27ms)
		EndReloadAssembly (480ms)
			LoadAssemblies (89ms)
			RebuildTransferFunctionScriptingTraits (0ms)
			SetupTypeCache (143ms)
			ReleaseScriptCaches (1ms)
			RebuildScriptCaches (27ms)
			SetupLoadedEditorAssemblies (217ms)
				LogAssemblyErrors (0ms)
				InitializePlatformSupportModulesInManaged (9ms)
				SetLoadedEditorAssemblies (0ms)
				RefreshPlugins (1ms)
				BeforeProcessingInitializeOnLoad (58ms)
				ProcessInitializeOnLoadAttributes (116ms)
				ProcessInitializeOnLoadMethodAttributes (23ms)
				AfterProcessingInitializeOnLoad (10ms)
				EditorAssembliesLoaded (0ms)
			ExecutionOrderSort2 (0ms)
			AwakeInstancesAfterBackupRestoration (5ms)
Platform modules already initialized, skipping
Refreshing native plugins compatible for Editor in 1.61 ms, found 4 plugins.
Preloading 0 native plugins for Editor in 0.00 ms.
Unloading 4122 Unused Serialized files (Serialized files now loaded: 0)
Unloading 25 unused Assets / (24.6 KB). Loaded Objects now: 4627.
Memory consumption went from 170.4 MB to 170.4 MB.
Total: 2.591600 ms (FindLiveObjects: 0.305200 ms CreateObjectMapping: 0.056700 ms MarkObjects: 2.214000 ms  DeleteObjects: 0.015100 ms)

AssetImportParameters requested are different than current active one (requested -> active):
  custom:video-decoder-ogg-theora: a1e56fd34408186e4bbccfd4996cb3dc -> 
  custom:container-muxer-webm: aa71ff27fc2769a1b78a27578f13a17b -> 
  custom:container-demuxer-webm: 4f35f7cbe854078d1ac9338744f61a02 -> 
  custom:video-encoder-webm-vp8: eb34c28f22e8b96e1ab97ce403110664 -> 
  custom:audio-encoder-webm-vorbis: bf7c407c2cedff20999df2af8eb42d56 -> 
  custom:framework-win-MediaFoundation: 216162199b28c13a410421893ffa2e32 -> 
  custom:container-demuxer-ogg: 62fdf1f143b41e24485cea50d1cbac27 -> 
  custom:video-decoder-webm-vp8: 9c59270c3fd7afecdb556c50c9e8de78 -> 
  custom:audio-decoder-ogg-vorbis: bf7c407c2cedff20999df2af8eb42d56 -> 
========================================================================
Received Import Request.
  Time since last request: 8394.992967 seconds.
  path: Assets/Prefab/Prefab/Branch.prefab
  artifactKey: Guid(3cccb221a361a6a43b53df03eb845551) Importer(815301076,1909f56bfc062723c751e8b465ee728b)
Start importing Assets/Prefab/Prefab/Branch.prefab using Guid(3cccb221a361a6a43b53df03eb845551) Importer(815301076,1909f56bfc062723c751e8b465ee728b)  -> (artifact id: 'df5d455b105d15e4dda991183b4e62f9') in 0.078792 seconds 
========================================================================
Received Import Request.
  Time since last request: 0.000013 seconds.
  path: Assets/Prefab/Prefab/Forge.prefab
  artifactKey: Guid(2cb6606169a9945a09906ace1ef0e98e) Importer(815301076,1909f56bfc062723c751e8b465ee728b)
Start importing Assets/Prefab/Prefab/Forge.prefab using Guid(2cb6606169a9945a09906ace1ef0e98e) Importer(815301076,1909f56bfc062723c751e8b465ee728b)  -> (artifact id: '0368a39432e5dbdad6b05076dc51b58c') in 0.016148 seconds 
========================================================================
Received Import Request.
  Time since last request: 0.000015 seconds.
  path: Assets/Prefab/Prefab/IronIngot.prefab
  artifactKey: Guid(ebab837688de34af7887ecdc974d5f40) Importer(815301076,1909f56bfc062723c751e8b465ee728b)
Start importing Assets/Prefab/Prefab/IronIngot.prefab using Guid(ebab837688de34af7887ecdc974d5f40) Importer(815301076,1909f56bfc062723c751e8b465ee728b)  -> (artifact id: 'e884e0d24c1e0cd482270dedfb012988') in 0.012176 seconds 
========================================================================
Received Import Request.
  Time since last request: 0.000014 seconds.
  path: Assets/Prefab/Prefab/Player.prefab
  artifactKey: Guid(56efe3c0348f5484e97a59757c08a75d) Importer(815301076,1909f56bfc062723c751e8b465ee728b)
Start importing Assets/Prefab/Prefab/Player.prefab using Guid(56efe3c0348f5484e97a59757c08a75d) Importer(815301076,1909f56bfc062723c751e8b465ee728b)  -> (artifact id: 'e7846f21ff455d670cafe78e58fe3201') in 0.013871 seconds 
========================================================================
Received Import Request.
  Time since last request: 0.000020 seconds.
  path: Assets/Prefab/Prefab/Brick.prefab
  artifactKey: Guid(79872dc433b87434ca3473ff6453d1d2) Importer(815301076,1909f56bfc062723c751e8b465ee728b)
Start importing Assets/Prefab/Prefab/Brick.prefab using Guid(79872dc433b87434ca3473ff6453d1d2) Importer(815301076,1909f56bfc062723c751e8b465ee728b)  -> (artifact id: '14118aa144e048fb23af34f5810cacb1') in 0.010853 seconds 
========================================================================
Received Import Request.
  Time since last request: 0.000009 seconds.
  path: Assets/Prefab/Prefab/Panel.prefab
  artifactKey: Guid(ed094ab93809a4a41b38beb36fce5209) Importer(815301076,1909f56bfc062723c751e8b465ee728b)
Start importing Assets/Prefab/Prefab/Panel.prefab using Guid(ed094ab93809a4a41b38beb36fce5209) Importer(815301076,1909f56bfc062723c751e8b465ee728b)  -> (artifact id: 'adc81ce67995fd5d05898d9f216c0729') in 0.011873 seconds 
========================================================================
Received Import Request.
  Time since last request: 0.000010 seconds.
  path: Assets/Prefab/Prefab/Rock.prefab
  artifactKey: Guid(9c295f9a9c8e8dc4cb51766a7742547d) Importer(815301076,1909f56bfc062723c751e8b465ee728b)
Start importing Assets/Prefab/Prefab/Rock.prefab using Guid(9c295f9a9c8e8dc4cb51766a7742547d) Importer(815301076,1909f56bfc062723c751e8b465ee728b)  -> (artifact id: '1654fc183a3a059cc0196d29cb03e122') in 0.013548 seconds 
========================================================================
Received Prepare
Registering precompiled user dll's ...
Registered in 0.005511 seconds.
Begin MonoManager ReloadAssembly
Symbol file LoadedFromMemory doesn't match image E:\Unity\CardProject\GameProject1\Library\PackageCache\com.unity.visualscripting@1.7.8\Editor\VisualScripting.Core\Dependencies\YamlDotNet\Unity.VisualScripting.YamlDotNet.dll
Symbol file LoadedFromMemory doesn't match image E:\Unity\CardProject\GameProject1\Library\PackageCache\com.unity.visualscripting@1.7.8\Editor\VisualScripting.Core\Dependencies\DotNetZip\Unity.VisualScripting.IonicZip.dll
Native extension for WindowsStandalone target not found
Refreshing native plugins compatible for Editor in 0.66 ms, found 4 plugins.
Preloading 0 native plugins for Editor in 0.00 ms.
Mono: successfully reloaded assembly
- Completed reload, in  0.668 seconds
Domain Reload Profiling:
	ReloadAssembly (668ms)
		BeginReloadAssembly (108ms)
			ExecutionOrderSort (0ms)
			DisableScriptedObjects (4ms)
			BackupInstance (0ms)
			ReleaseScriptingObjects (0ms)
			CreateAndSetChildDomain (31ms)
		EndReloadAssembly (487ms)
			LoadAssemblies (74ms)
			RebuildTransferFunctionScriptingTraits (0ms)
			SetupTypeCache (136ms)
			ReleaseScriptCaches (1ms)
			RebuildScriptCaches (27ms)
			SetupLoadedEditorAssemblies (229ms)
				LogAssemblyErrors (0ms)
				InitializePlatformSupportModulesInManaged (9ms)
				SetLoadedEditorAssemblies (0ms)
				RefreshPlugins (1ms)
				BeforeProcessingInitializeOnLoad (62ms)
				ProcessInitializeOnLoadAttributes (118ms)
				ProcessInitializeOnLoadMethodAttributes (25ms)
				AfterProcessingInitializeOnLoad (13ms)
				EditorAssembliesLoaded (0ms)
			ExecutionOrderSort2 (0ms)
			AwakeInstancesAfterBackupRestoration (7ms)
Platform modules already initialized, skipping
Refreshing native plugins compatible for Editor in 2.35 ms, found 4 plugins.
Preloading 0 native plugins for Editor in 0.00 ms.
Unloading 4122 Unused Serialized files (Serialized files now loaded: 0)
Unloading 25 unused Assets / (25.8 KB). Loaded Objects now: 4639.
Memory consumption went from 174.9 MB to 174.9 MB.
Total: 2.386800 ms (FindLiveObjects: 0.245300 ms CreateObjectMapping: 0.064600 ms MarkObjects: 2.061300 ms  DeleteObjects: 0.014800 ms)

AssetImportParameters requested are different than current active one (requested -> active):
  custom:video-decoder-ogg-theora: a1e56fd34408186e4bbccfd4996cb3dc -> 
  custom:container-muxer-webm: aa71ff27fc2769a1b78a27578f13a17b -> 
  custom:container-demuxer-webm: 4f35f7cbe854078d1ac9338744f61a02 -> 
  custom:video-encoder-webm-vp8: eb34c28f22e8b96e1ab97ce403110664 -> 
  custom:audio-encoder-webm-vorbis: bf7c407c2cedff20999df2af8eb42d56 -> 
  custom:framework-win-MediaFoundation: 216162199b28c13a410421893ffa2e32 -> 
  custom:container-demuxer-ogg: 62fdf1f143b41e24485cea50d1cbac27 -> 
  custom:video-decoder-webm-vp8: 9c59270c3fd7afecdb556c50c9e8de78 -> 
  custom:audio-decoder-ogg-vorbis: bf7c407c2cedff20999df2af8eb42d56 -> 
========================================================================
Received Import Request.
  Time since last request: 39.685478 seconds.
  path: Assets/Prefab/Prefab/Forge.prefab
  artifactKey: Guid(2cb6606169a9945a09906ace1ef0e98e) Importer(815301076,1909f56bfc062723c751e8b465ee728b)
Start importing Assets/Prefab/Prefab/Forge.prefab using Guid(2cb6606169a9945a09906ace1ef0e98e) Importer(815301076,1909f56bfc062723c751e8b465ee728b)  -> (artifact id: '8a88b01574b52731134a3823c9680425') in 0.049616 seconds 
========================================================================
Received Import Request.
  Time since last request: 0.000013 seconds.
  path: Assets/Prefab/Prefab/House.prefab
  artifactKey: Guid(19ec8985e2938402f8a1e237141f2e44) Importer(815301076,1909f56bfc062723c751e8b465ee728b)
Start importing Assets/Prefab/Prefab/House.prefab using Guid(19ec8985e2938402f8a1e237141f2e44) Importer(815301076,1909f56bfc062723c751e8b465ee728b)  -> (artifact id: '54934d1b51b1fec0d9ee0feb98578ca0') in 0.035710 seconds 
========================================================================
Received Import Request.
  Time since last request: 0.000014 seconds.
  path: Assets/Prefab/Prefab/Stone.prefab
  artifactKey: Guid(c9897b3da5ffcb1489d59c37cc58c638) Importer(815301076,1909f56bfc062723c751e8b465ee728b)
Start importing Assets/Prefab/Prefab/Stone.prefab using Guid(c9897b3da5ffcb1489d59c37cc58c638) Importer(815301076,1909f56bfc062723c751e8b465ee728b)  -> (artifact id: 'de8415c788cd95a3390d820801aad260') in 0.048292 seconds 
========================================================================
Received Import Request.
  Time since last request: 0.000015 seconds.
  path: Assets/Prefab/Prefab/Kitchen.prefab
  artifactKey: Guid(fff19b64d86936340ad8c927247d7e85) Importer(815301076,1909f56bfc062723c751e8b465ee728b)
Start importing Assets/Prefab/Prefab/Kitchen.prefab using Guid(fff19b64d86936340ad8c927247d7e85) Importer(815301076,1909f56bfc062723c751e8b465ee728b)  -> (artifact id: 'c9db41398965ee6496f5128cd8153410') in 0.016033 seconds 
========================================================================
Received Import Request.
  Time since last request: 0.000008 seconds.
  path: Assets/Prefab/Prefab/GoldIngot.prefab
  artifactKey: Guid(db58b165bdcc34f618e8803d8033e17b) Importer(815301076,1909f56bfc062723c751e8b465ee728b)
Start importing Assets/Prefab/Prefab/GoldIngot.prefab using Guid(db58b165bdcc34f618e8803d8033e17b) Importer(815301076,1909f56bfc062723c751e8b465ee728b)  -> (artifact id: 'b3d82642aaae9edb0eb1b34b2bc3630e') in 0.057321 seconds 
========================================================================
Received Import Request.
  Time since last request: 0.000029 seconds.
  path: Assets/Prefab/Prefab/Rock.prefab
  artifactKey: Guid(9c295f9a9c8e8dc4cb51766a7742547d) Importer(815301076,1909f56bfc062723c751e8b465ee728b)
Start importing Assets/Prefab/Prefab/Rock.prefab using Guid(9c295f9a9c8e8dc4cb51766a7742547d) Importer(815301076,1909f56bfc062723c751e8b465ee728b)  -> (artifact id: '6ead8bd019e6937af1ef982aaac2b4d0') in 0.011827 seconds 
========================================================================
Received Import Request.
  Time since last request: 0.739210 seconds.
  path: Assets/Prefab/Prefab/Forge.prefab
  artifactKey: Guid(2cb6606169a9945a09906ace1ef0e98e) Importer(815301076,1909f56bfc062723c751e8b465ee728b)
Start importing Assets/Prefab/Prefab/Forge.prefab using Guid(2cb6606169a9945a09906ace1ef0e98e) Importer(815301076,1909f56bfc062723c751e8b465ee728b)  -> (artifact id: '5e175ce61fb381bccf2507a40cd2cc2e') in 0.015331 seconds 
========================================================================
Received Import Request.
  Time since last request: 0.000016 seconds.
  path: Assets/Prefab/Prefab/Wood.prefab
  artifactKey: Guid(4d319b66fe1dab247a49fb537bd1ea74) Importer(815301076,1909f56bfc062723c751e8b465ee728b)
Start importing Assets/Prefab/Prefab/Wood.prefab using Guid(4d319b66fe1dab247a49fb537bd1ea74) Importer(815301076,1909f56bfc062723c751e8b465ee728b)  -> (artifact id: '2ddb8744afe427d91a3ca7b52c8e1b8d') in 0.011577 seconds 
========================================================================
Received Import Request.
  Time since last request: 0.000015 seconds.
  path: Assets/Prefab/Prefab/Shadow.prefab
  artifactKey: Guid(34bb9baed46cbcd4a8b331ef294dc067) Importer(815301076,1909f56bfc062723c751e8b465ee728b)
Start importing Assets/Prefab/Prefab/Shadow.prefab using Guid(34bb9baed46cbcd4a8b331ef294dc067) Importer(815301076,1909f56bfc062723c751e8b465ee728b)  -> (artifact id: '906c0150a25f8719e506ac8044397491') in 0.016090 seconds 
========================================================================
Received Import Request.
  Time since last request: 0.000015 seconds.
  path: Assets/Prefab/Prefab/StrawBerryTree.prefab
  artifactKey: Guid(31c77a33f5eebf3438571f95e189abf4) Importer(815301076,1909f56bfc062723c751e8b465ee728b)
Start importing Assets/Prefab/Prefab/StrawBerryTree.prefab using Guid(31c77a33f5eebf3438571f95e189abf4) Importer(815301076,1909f56bfc062723c751e8b465ee728b)  -> (artifact id: '0be698f1de16cfd5d02e6d2f1cd2ff63') in 0.016824 seconds 
========================================================================
Received Import Request.
  Time since last request: 1.332378 seconds.
  path: Assets/Prefab/Prefab/Forge.prefab
  artifactKey: Guid(2cb6606169a9945a09906ace1ef0e98e) Importer(815301076,1909f56bfc062723c751e8b465ee728b)
Start importing Assets/Prefab/Prefab/Forge.prefab using Guid(2cb6606169a9945a09906ace1ef0e98e) Importer(815301076,1909f56bfc062723c751e8b465ee728b)  -> (artifact id: '120e8c2d123daa464693adfed3f02170') in 0.013245 seconds 
========================================================================
Received Import Request.
  Time since last request: 0.000011 seconds.
  path: Assets/Prefab/Prefab/Gold.prefab
  artifactKey: Guid(53ec162b16a74454ab15132c3b50718c) Importer(815301076,1909f56bfc062723c751e8b465ee728b)
Start importing Assets/Prefab/Prefab/Gold.prefab using Guid(53ec162b16a74454ab15132c3b50718c) Importer(815301076,1909f56bfc062723c751e8b465ee728b)  -> (artifact id: 'dc0631d85d0d1d2dbdead7e1a77ef2df') in 0.014780 seconds 
========================================================================
Received Import Request.
  Time since last request: 0.000008 seconds.
  path: Assets/Prefab/Prefab/Wood.prefab
  artifactKey: Guid(4d319b66fe1dab247a49fb537bd1ea74) Importer(815301076,1909f56bfc062723c751e8b465ee728b)
Start importing Assets/Prefab/Prefab/Wood.prefab using Guid(4d319b66fe1dab247a49fb537bd1ea74) Importer(815301076,1909f56bfc062723c751e8b465ee728b)  -> (artifact id: 'adedabefc1e4b71eeba718df35d2394e') in 0.012126 seconds 
========================================================================
Received Import Request.
  Time since last request: 0.000014 seconds.
  path: Assets/Prefab/Prefab/Player.prefab
  artifactKey: Guid(56efe3c0348f5484e97a59757c08a75d) Importer(815301076,1909f56bfc062723c751e8b465ee728b)
Start importing Assets/Prefab/Prefab/Player.prefab using Guid(56efe3c0348f5484e97a59757c08a75d) Importer(815301076,1909f56bfc062723c751e8b465ee728b)  -> (artifact id: '6eebe046dbe48089cdc4eb82cac6b552') in 0.034835 seconds 
========================================================================
Received Import Request.
  Time since last request: 0.000023 seconds.
  path: Assets/Prefab/Prefab/StrawBerry.prefab
  artifactKey: Guid(a543c58962bee70409c0e11a0e6c5a1d) Importer(815301076,1909f56bfc062723c751e8b465ee728b)
Start importing Assets/Prefab/Prefab/StrawBerry.prefab using Guid(a543c58962bee70409c0e11a0e6c5a1d) Importer(815301076,1909f56bfc062723c751e8b465ee728b)  -> (artifact id: '28d65d5439c701f26621f61b706088d2') in 0.016310 seconds 
========================================================================
Received Import Request.
  Time since last request: 8.530128 seconds.
  path: Assets/Prefab/Prefab/Forge.prefab
  artifactKey: Guid(2cb6606169a9945a09906ace1ef0e98e) Importer(815301076,1909f56bfc062723c751e8b465ee728b)
Start importing Assets/Prefab/Prefab/Forge.prefab using Guid(2cb6606169a9945a09906ace1ef0e98e) Importer(815301076,1909f56bfc062723c751e8b465ee728b)  -> (artifact id: '9dee56b5012c2f1c59cea1dfc71d3575') in 0.014282 seconds 
========================================================================
Received Import Request.
  Time since last request: 0.000013 seconds.
  path: Assets/Prefab/Prefab/Wood.prefab
  artifactKey: Guid(4d319b66fe1dab247a49fb537bd1ea74) Importer(815301076,1909f56bfc062723c751e8b465ee728b)
Start importing Assets/Prefab/Prefab/Wood.prefab using Guid(4d319b66fe1dab247a49fb537bd1ea74) Importer(815301076,1909f56bfc062723c751e8b465ee728b)  -> (artifact id: '3b21a77caf8fbed1ceeffbcfd6cb5beb') in 0.015126 seconds 
========================================================================
Received Import Request.
  Time since last request: 0.000015 seconds.
  path: Assets/Prefab/Prefab/Shadow.prefab
  artifactKey: Guid(34bb9baed46cbcd4a8b331ef294dc067) Importer(815301076,1909f56bfc062723c751e8b465ee728b)
Start importing Assets/Prefab/Prefab/Shadow.prefab using Guid(34bb9baed46cbcd4a8b331ef294dc067) Importer(815301076,1909f56bfc062723c751e8b465ee728b)  -> (artifact id: 'b986cc4eeab8743438335422c90bae00') in 0.010069 seconds 
========================================================================
Received Import Request.
  Time since last request: 0.000014 seconds.
  path: Assets/Prefab/Prefab/Panel.prefab
  artifactKey: Guid(ed094ab93809a4a41b38beb36fce5209) Importer(815301076,1909f56bfc062723c751e8b465ee728b)
Start importing Assets/Prefab/Prefab/Panel.prefab using Guid(ed094ab93809a4a41b38beb36fce5209) Importer(815301076,1909f56bfc062723c751e8b465ee728b)  -> (artifact id: 'b6f38c43d667a5d6aaab0dbec6f63f69') in 0.013064 seconds 
========================================================================
Received Import Request.
  Time since last request: 1.582537 seconds.
  path: Assets/Prefab/Prefab/Forge.prefab
  artifactKey: Guid(2cb6606169a9945a09906ace1ef0e98e) Importer(815301076,1909f56bfc062723c751e8b465ee728b)
Start importing Assets/Prefab/Prefab/Forge.prefab using Guid(2cb6606169a9945a09906ace1ef0e98e) Importer(815301076,1909f56bfc062723c751e8b465ee728b)  -> (artifact id: '0119ef1025afbc0112bb0d5e3a793032') in 0.014480 seconds 
========================================================================
Received Import Request.
  Time since last request: 0.000014 seconds.
  path: Assets/Prefab/Prefab/Gold.prefab
  artifactKey: Guid(53ec162b16a74454ab15132c3b50718c) Importer(815301076,1909f56bfc062723c751e8b465ee728b)
Start importing Assets/Prefab/Prefab/Gold.prefab using Guid(53ec162b16a74454ab15132c3b50718c) Importer(815301076,1909f56bfc062723c751e8b465ee728b)  -> (artifact id: '16d5d621d9c784d918c1935db53bea6a') in 0.012307 seconds 
========================================================================
Received Import Request.
  Time since last request: 0.000017 seconds.
  path: Assets/Prefab/Prefab/IronIngot.prefab
  artifactKey: Guid(ebab837688de34af7887ecdc974d5f40) Importer(815301076,1909f56bfc062723c751e8b465ee728b)
Start importing Assets/Prefab/Prefab/IronIngot.prefab using Guid(ebab837688de34af7887ecdc974d5f40) Importer(815301076,1909f56bfc062723c751e8b465ee728b)  -> (artifact id: '64fc8b75080413966fba3fc0c77c56ea') in 0.043245 seconds 
========================================================================
Received Import Request.
  Time since last request: 0.000017 seconds.
  path: Assets/Prefab/Prefab/StrawBerryTree.prefab
  artifactKey: Guid(31c77a33f5eebf3438571f95e189abf4) Importer(815301076,1909f56bfc062723c751e8b465ee728b)
Start importing Assets/Prefab/Prefab/StrawBerryTree.prefab using Guid(31c77a33f5eebf3438571f95e189abf4) Importer(815301076,1909f56bfc062723c751e8b465ee728b)  -> (artifact id: 'ec4e3215d46eba6af91043212c701cb4') in 0.019171 seconds 
========================================================================
Received Prepare
Registering precompiled user dll's ...
Registered in 0.006520 seconds.
Begin MonoManager ReloadAssembly
Symbol file LoadedFromMemory doesn't match image E:\Unity\CardProject\GameProject1\Library\PackageCache\com.unity.visualscripting@1.7.8\Editor\VisualScripting.Core\Dependencies\YamlDotNet\Unity.VisualScripting.YamlDotNet.dll
Symbol file LoadedFromMemory doesn't match image E:\Unity\CardProject\GameProject1\Library\PackageCache\com.unity.visualscripting@1.7.8\Editor\VisualScripting.Core\Dependencies\DotNetZip\Unity.VisualScripting.IonicZip.dll
Native extension for WindowsStandalone target not found
Refreshing native plugins compatible for Editor in 0.77 ms, found 4 plugins.
Preloading 0 native plugins for Editor in 0.00 ms.
Mono: successfully reloaded assembly
- Completed reload, in  0.707 seconds
Domain Reload Profiling:
	ReloadAssembly (707ms)
		BeginReloadAssembly (127ms)
			ExecutionOrderSort (0ms)
			DisableScriptedObjects (5ms)
			BackupInstance (0ms)
			ReleaseScriptingObjects (0ms)
			CreateAndSetChildDomain (31ms)
		EndReloadAssembly (496ms)
			LoadAssemblies (95ms)
			RebuildTransferFunctionScriptingTraits (0ms)
			SetupTypeCache (144ms)
			ReleaseScriptCaches (1ms)
			RebuildScriptCaches (26ms)
			SetupLoadedEditorAssemblies (228ms)
				LogAssemblyErrors (0ms)
				InitializePlatformSupportModulesInManaged (13ms)
				SetLoadedEditorAssemblies (0ms)
				RefreshPlugins (1ms)
				BeforeProcessingInitializeOnLoad (56ms)
				ProcessInitializeOnLoadAttributes (118ms)
				ProcessInitializeOnLoadMethodAttributes (23ms)
				AfterProcessingInitializeOnLoad (17ms)
				EditorAssembliesLoaded (0ms)
			ExecutionOrderSort2 (0ms)
			AwakeInstancesAfterBackupRestoration (6ms)
Platform modules already initialized, skipping
Refreshing native plugins compatible for Editor in 1.86 ms, found 4 plugins.
Preloading 0 native plugins for Editor in 0.00 ms.
Unloading 4122 Unused Serialized files (Serialized files now loaded: 0)
Unloading 25 unused Assets / (24.6 KB). Loaded Objects now: 4642.
Memory consumption went from 174.9 MB to 174.9 MB.
Total: 3.282500 ms (FindLiveObjects: 0.444300 ms CreateObjectMapping: 0.088700 ms MarkObjects: 2.734600 ms  DeleteObjects: 0.014000 ms)

AssetImportParameters requested are different than current active one (requested -> active):
  custom:video-decoder-ogg-theora: a1e56fd34408186e4bbccfd4996cb3dc -> 
  custom:container-muxer-webm: aa71ff27fc2769a1b78a27578f13a17b -> 
  custom:container-demuxer-webm: 4f35f7cbe854078d1ac9338744f61a02 -> 
  custom:video-encoder-webm-vp8: eb34c28f22e8b96e1ab97ce403110664 -> 
  custom:audio-encoder-webm-vorbis: bf7c407c2cedff20999df2af8eb42d56 -> 
  custom:framework-win-MediaFoundation: 216162199b28c13a410421893ffa2e32 -> 
  custom:container-demuxer-ogg: 62fdf1f143b41e24485cea50d1cbac27 -> 
  custom:video-decoder-webm-vp8: 9c59270c3fd7afecdb556c50c9e8de78 -> 
  custom:audio-decoder-ogg-vorbis: bf7c407c2cedff20999df2af8eb42d56 -> 
========================================================================
Received Import Request.
  Time since last request: 15.209774 seconds.
  path: Assets/Prefab/Prefab/Forge.prefab
  artifactKey: Guid(2cb6606169a9945a09906ace1ef0e98e) Importer(815301076,1909f56bfc062723c751e8b465ee728b)
Start importing Assets/Prefab/Prefab/Forge.prefab using Guid(2cb6606169a9945a09906ace1ef0e98e) Importer(815301076,1909f56bfc062723c751e8b465ee728b)  -> (artifact id: '97942940417e0f7fc9979a0dc3449acd') in 0.048230 seconds 
========================================================================
Received Import Request.
  Time since last request: 0.000014 seconds.
  path: Assets/Prefab/Prefab/Wood.prefab
  artifactKey: Guid(4d319b66fe1dab247a49fb537bd1ea74) Importer(815301076,1909f56bfc062723c751e8b465ee728b)
Start importing Assets/Prefab/Prefab/Wood.prefab using Guid(4d319b66fe1dab247a49fb537bd1ea74) Importer(815301076,1909f56bfc062723c751e8b465ee728b)  -> (artifact id: 'aa7c96ecb2a5fc219aee1e17c7c23bff') in 0.016343 seconds 
========================================================================
Received Import Request.
  Time since last request: 0.000018 seconds.
  path: Assets/Prefab/Prefab/Shadow.prefab
  artifactKey: Guid(34bb9baed46cbcd4a8b331ef294dc067) Importer(815301076,1909f56bfc062723c751e8b465ee728b)
Start importing Assets/Prefab/Prefab/Shadow.prefab using Guid(34bb9baed46cbcd4a8b331ef294dc067) Importer(815301076,1909f56bfc062723c751e8b465ee728b)  -> (artifact id: '4e4f7aa4b2ded961d71090b097c33646') in 0.020301 seconds 
========================================================================
Received Import Request.
  Time since last request: 0.000018 seconds.
  path: Assets/Prefab/Prefab/Rock.prefab
  artifactKey: Guid(9c295f9a9c8e8dc4cb51766a7742547d) Importer(815301076,1909f56bfc062723c751e8b465ee728b)
Start importing Assets/Prefab/Prefab/Rock.prefab using Guid(9c295f9a9c8e8dc4cb51766a7742547d) Importer(815301076,1909f56bfc062723c751e8b465ee728b)  -> (artifact id: 'cd2a6917a1ba441fda06ebd1ff4fe560') in 0.012245 seconds 
========================================================================
Received Import Request.
  Time since last request: 1.075951 seconds.
  path: Assets/Prefab/Prefab/Forge.prefab
  artifactKey: Guid(2cb6606169a9945a09906ace1ef0e98e) Importer(815301076,1909f56bfc062723c751e8b465ee728b)
Start importing Assets/Prefab/Prefab/Forge.prefab using Guid(2cb6606169a9945a09906ace1ef0e98e) Importer(815301076,1909f56bfc062723c751e8b465ee728b)  -> (artifact id: '69cfeb07c178e803df4e484cc5fb85b1') in 0.034550 seconds 
========================================================================
Received Import Request.
  Time since last request: 0.000012 seconds.
  path: Assets/Prefab/Prefab/Timber.prefab
  artifactKey: Guid(ea13f397e2c9a4d139e1664e649ca8f4) Importer(815301076,1909f56bfc062723c751e8b465ee728b)
Start importing Assets/Prefab/Prefab/Timber.prefab using Guid(ea13f397e2c9a4d139e1664e649ca8f4) Importer(815301076,1909f56bfc062723c751e8b465ee728b)  -> (artifact id: 'f247d20e9756a17405b738f2660db3e8') in 0.011604 seconds 
========================================================================
Received Import Request.
  Time since last request: 0.000011 seconds.
  path: Assets/Prefab/Prefab/Stone.prefab
  artifactKey: Guid(c9897b3da5ffcb1489d59c37cc58c638) Importer(815301076,1909f56bfc062723c751e8b465ee728b)
Start importing Assets/Prefab/Prefab/Stone.prefab using Guid(c9897b3da5ffcb1489d59c37cc58c638) Importer(815301076,1909f56bfc062723c751e8b465ee728b)  -> (artifact id: '7ef77f0b1747da8e6e44e092dddab64e') in 0.048190 seconds 
========================================================================
Received Import Request.
  Time since last request: 0.000011 seconds.
  path: Assets/Prefab/Prefab/StrawBerry.prefab
  artifactKey: Guid(a543c58962bee70409c0e11a0e6c5a1d) Importer(815301076,1909f56bfc062723c751e8b465ee728b)
Start importing Assets/Prefab/Prefab/StrawBerry.prefab using Guid(a543c58962bee70409c0e11a0e6c5a1d) Importer(815301076,1909f56bfc062723c751e8b465ee728b)  -> (artifact id: '3bd9fc9987d97ebeb217377e91d6bfc8') in 0.017772 seconds 
========================================================================
Received Prepare
Registering precompiled user dll's ...
Registered in 0.007340 seconds.
Begin MonoManager ReloadAssembly
Symbol file LoadedFromMemory doesn't match image E:\Unity\CardProject\GameProject1\Library\PackageCache\com.unity.visualscripting@1.7.8\Editor\VisualScripting.Core\Dependencies\YamlDotNet\Unity.VisualScripting.YamlDotNet.dll
Symbol file LoadedFromMemory doesn't match image E:\Unity\CardProject\GameProject1\Library\PackageCache\com.unity.visualscripting@1.7.8\Editor\VisualScripting.Core\Dependencies\DotNetZip\Unity.VisualScripting.IonicZip.dll
Native extension for WindowsStandalone target not found
Refreshing native plugins compatible for Editor in 0.71 ms, found 4 plugins.
Preloading 0 native plugins for Editor in 0.00 ms.
Mono: successfully reloaded assembly
- Completed reload, in  0.707 seconds
Domain Reload Profiling:
	ReloadAssembly (707ms)
		BeginReloadAssembly (124ms)
			ExecutionOrderSort (0ms)
			DisableScriptedObjects (3ms)
			BackupInstance (0ms)
			ReleaseScriptingObjects (0ms)
			CreateAndSetChildDomain (29ms)
		EndReloadAssembly (499ms)
			LoadAssemblies (92ms)
			RebuildTransferFunctionScriptingTraits (0ms)
			SetupTypeCache (136ms)
			ReleaseScriptCaches (1ms)
			RebuildScriptCaches (29ms)
			SetupLoadedEditorAssemblies (237ms)
				LogAssemblyErrors (0ms)
				InitializePlatformSupportModulesInManaged (9ms)
				SetLoadedEditorAssemblies (0ms)
				RefreshPlugins (1ms)
				BeforeProcessingInitializeOnLoad (63ms)
				ProcessInitializeOnLoadAttributes (120ms)
				ProcessInitializeOnLoadMethodAttributes (23ms)
				AfterProcessingInitializeOnLoad (21ms)
				EditorAssembliesLoaded (0ms)
			ExecutionOrderSort2 (0ms)
			AwakeInstancesAfterBackupRestoration (6ms)
Platform modules already initialized, skipping
Refreshing native plugins compatible for Editor in 1.67 ms, found 4 plugins.
Preloading 0 native plugins for Editor in 0.00 ms.
Unloading 4122 Unused Serialized files (Serialized files now loaded: 0)
Unloading 25 unused Assets / (24.7 KB). Loaded Objects now: 4645.
Memory consumption went from 174.9 MB to 174.9 MB.
Total: 2.296500 ms (FindLiveObjects: 0.228800 ms CreateObjectMapping: 0.078200 ms MarkObjects: 1.974800 ms  DeleteObjects: 0.014400 ms)

AssetImportParameters requested are different than current active one (requested -> active):
  custom:video-decoder-ogg-theora: a1e56fd34408186e4bbccfd4996cb3dc -> 
  custom:container-muxer-webm: aa71ff27fc2769a1b78a27578f13a17b -> 
  custom:container-demuxer-webm: 4f35f7cbe854078d1ac9338744f61a02 -> 
  custom:video-encoder-webm-vp8: eb34c28f22e8b96e1ab97ce403110664 -> 
  custom:audio-encoder-webm-vorbis: bf7c407c2cedff20999df2af8eb42d56 -> 
  custom:framework-win-MediaFoundation: 216162199b28c13a410421893ffa2e32 -> 
  custom:container-demuxer-ogg: 62fdf1f143b41e24485cea50d1cbac27 -> 
  custom:video-decoder-webm-vp8: 9c59270c3fd7afecdb556c50c9e8de78 -> 
  custom:audio-decoder-ogg-vorbis: bf7c407c2cedff20999df2af8eb42d56 -> 
========================================================================
Received Import Request.
  Time since last request: 10.568997 seconds.
  path: Assets/Prefab/Prefab/Forge.prefab
  artifactKey: Guid(2cb6606169a9945a09906ace1ef0e98e) Importer(815301076,1909f56bfc062723c751e8b465ee728b)
Start importing Assets/Prefab/Prefab/Forge.prefab using Guid(2cb6606169a9945a09906ace1ef0e98e) Importer(815301076,1909f56bfc062723c751e8b465ee728b)  -> (artifact id: '4beccfe6291b01c242a608ae8fc848eb') in 0.044902 seconds 
========================================================================
Received Import Request.
  Time since last request: 0.000012 seconds.
  path: Assets/Prefab/Prefab/Wood.prefab
  artifactKey: Guid(4d319b66fe1dab247a49fb537bd1ea74) Importer(815301076,1909f56bfc062723c751e8b465ee728b)
Start importing Assets/Prefab/Prefab/Wood.prefab using Guid(4d319b66fe1dab247a49fb537bd1ea74) Importer(815301076,1909f56bfc062723c751e8b465ee728b)  -> (artifact id: 'a555cdfaf6bf625fc7225a3c1fbcc925') in 0.015854 seconds 
========================================================================
Received Import Request.
  Time since last request: 0.000011 seconds.
  path: Assets/Prefab/Prefab/Shadow.prefab
  artifactKey: Guid(34bb9baed46cbcd4a8b331ef294dc067) Importer(815301076,1909f56bfc062723c751e8b465ee728b)
Start importing Assets/Prefab/Prefab/Shadow.prefab using Guid(34bb9baed46cbcd4a8b331ef294dc067) Importer(815301076,1909f56bfc062723c751e8b465ee728b)  -> (artifact id: 'aee8697313db6841136424fc37597376') in 0.020270 seconds 
========================================================================
Received Import Request.
  Time since last request: 0.000011 seconds.
  path: Assets/Prefab/Prefab/StrawBerryTree.prefab
  artifactKey: Guid(31c77a33f5eebf3438571f95e189abf4) Importer(815301076,1909f56bfc062723c751e8b465ee728b)
Start importing Assets/Prefab/Prefab/StrawBerryTree.prefab using Guid(31c77a33f5eebf3438571f95e189abf4) Importer(815301076,1909f56bfc062723c751e8b465ee728b)  -> (artifact id: '9389a57b8833d3a969f9e455d144c9e7') in 0.011411 seconds 
========================================================================
Received Prepare
Registering precompiled user dll's ...
Registered in 0.007623 seconds.
Begin MonoManager ReloadAssembly
Symbol file LoadedFromMemory doesn't match image E:\Unity\CardProject\GameProject1\Library\PackageCache\com.unity.visualscripting@1.7.8\Editor\VisualScripting.Core\Dependencies\YamlDotNet\Unity.VisualScripting.YamlDotNet.dll
Symbol file LoadedFromMemory doesn't match image E:\Unity\CardProject\GameProject1\Library\PackageCache\com.unity.visualscripting@1.7.8\Editor\VisualScripting.Core\Dependencies\DotNetZip\Unity.VisualScripting.IonicZip.dll
Native extension for WindowsStandalone target not found
Refreshing native plugins compatible for Editor in 0.66 ms, found 4 plugins.
Preloading 0 native plugins for Editor in 0.00 ms.
Mono: successfully reloaded assembly
- Completed reload, in  0.721 seconds
Domain Reload Profiling:
	ReloadAssembly (722ms)
		BeginReloadAssembly (129ms)
			ExecutionOrderSort (0ms)
			DisableScriptedObjects (4ms)
			BackupInstance (0ms)
			ReleaseScriptingObjects (0ms)
			CreateAndSetChildDomain (28ms)
		EndReloadAssembly (502ms)
			LoadAssemblies (102ms)
			RebuildTransferFunctionScriptingTraits (0ms)
			SetupTypeCache (135ms)
			ReleaseScriptCaches (1ms)
			RebuildScriptCaches (26ms)
			SetupLoadedEditorAssemblies (244ms)
				LogAssemblyErrors (0ms)
				InitializePlatformSupportModulesInManaged (13ms)
				SetLoadedEditorAssemblies (0ms)
				RefreshPlugins (1ms)
				BeforeProcessingInitializeOnLoad (68ms)
				ProcessInitializeOnLoadAttributes (119ms)
				ProcessInitializeOnLoadMethodAttributes (22ms)
				AfterProcessingInitializeOnLoad (20ms)
				EditorAssembliesLoaded (0ms)
			ExecutionOrderSort2 (0ms)
			AwakeInstancesAfterBackupRestoration (6ms)
Platform modules already initialized, skipping
Refreshing native plugins compatible for Editor in 1.77 ms, found 4 plugins.
Preloading 0 native plugins for Editor in 0.00 ms.
Unloading 4122 Unused Serialized files (Serialized files now loaded: 0)
Unloading 25 unused Assets / (24.7 KB). Loaded Objects now: 4648.
Memory consumption went from 174.9 MB to 174.9 MB.
Total: 2.512900 ms (FindLiveObjects: 0.259700 ms CreateObjectMapping: 0.064000 ms MarkObjects: 2.177600 ms  DeleteObjects: 0.011000 ms)

AssetImportParameters requested are different than current active one (requested -> active):
  custom:video-decoder-ogg-theora: a1e56fd34408186e4bbccfd4996cb3dc -> 
  custom:container-muxer-webm: aa71ff27fc2769a1b78a27578f13a17b -> 
  custom:container-demuxer-webm: 4f35f7cbe854078d1ac9338744f61a02 -> 
  custom:video-encoder-webm-vp8: eb34c28f22e8b96e1ab97ce403110664 -> 
  custom:audio-encoder-webm-vorbis: bf7c407c2cedff20999df2af8eb42d56 -> 
  custom:framework-win-MediaFoundation: 216162199b28c13a410421893ffa2e32 -> 
  custom:container-demuxer-ogg: 62fdf1f143b41e24485cea50d1cbac27 -> 
  custom:video-decoder-webm-vp8: 9c59270c3fd7afecdb556c50c9e8de78 -> 
  custom:audio-decoder-ogg-vorbis: bf7c407c2cedff20999df2af8eb42d56 -> 
========================================================================
Received Import Request.
  Time since last request: 13.553190 seconds.
  path: Assets/Prefab/Prefab/Forge.prefab
  artifactKey: Guid(2cb6606169a9945a09906ace1ef0e98e) Importer(815301076,1909f56bfc062723c751e8b465ee728b)
Start importing Assets/Prefab/Prefab/Forge.prefab using Guid(2cb6606169a9945a09906ace1ef0e98e) Importer(815301076,1909f56bfc062723c751e8b465ee728b)  -> (artifact id: '44925fd0732349df0fb00002b4ce724b') in 0.045647 seconds 
========================================================================
Received Import Request.
  Time since last request: 0.000011 seconds.
  path: Assets/Prefab/Prefab/House.prefab
  artifactKey: Guid(19ec8985e2938402f8a1e237141f2e44) Importer(815301076,1909f56bfc062723c751e8b465ee728b)
Start importing Assets/Prefab/Prefab/House.prefab using Guid(19ec8985e2938402f8a1e237141f2e44) Importer(815301076,1909f56bfc062723c751e8b465ee728b)  -> (artifact id: 'ecb49419728128d54d1a2c24bdae13ab') in 0.012924 seconds 
========================================================================
Received Import Request.
  Time since last request: 0.000014 seconds.
  path: Assets/Prefab/Prefab/Stone.prefab
  artifactKey: Guid(c9897b3da5ffcb1489d59c37cc58c638) Importer(815301076,1909f56bfc062723c751e8b465ee728b)
Start importing Assets/Prefab/Prefab/Stone.prefab using Guid(c9897b3da5ffcb1489d59c37cc58c638) Importer(815301076,1909f56bfc062723c751e8b465ee728b)  -> (artifact id: '6c1016679093d4eecb14dfb10b1c3fd4') in 0.012891 seconds 
========================================================================
Received Prepare
Registering precompiled user dll's ...
Registered in 0.006162 seconds.
Begin MonoManager ReloadAssembly
Symbol file LoadedFromMemory doesn't match image E:\Unity\CardProject\GameProject1\Library\PackageCache\com.unity.visualscripting@1.7.8\Editor\VisualScripting.Core\Dependencies\YamlDotNet\Unity.VisualScripting.YamlDotNet.dll
Symbol file LoadedFromMemory doesn't match image E:\Unity\CardProject\GameProject1\Library\PackageCache\com.unity.visualscripting@1.7.8\Editor\VisualScripting.Core\Dependencies\DotNetZip\Unity.VisualScripting.IonicZip.dll
Native extension for WindowsStandalone target not found
Refreshing native plugins compatible for Editor in 0.65 ms, found 4 plugins.
Preloading 0 native plugins for Editor in 0.00 ms.
Mono: successfully reloaded assembly
- Completed reload, in  0.699 seconds
Domain Reload Profiling:
	ReloadAssembly (699ms)
		BeginReloadAssembly (123ms)
			ExecutionOrderSort (0ms)
			DisableScriptedObjects (3ms)
			BackupInstance (0ms)
			ReleaseScriptingObjects (0ms)
			CreateAndSetChildDomain (28ms)
		EndReloadAssembly (491ms)
			LoadAssemblies (96ms)
			RebuildTransferFunctionScriptingTraits (0ms)
			SetupTypeCache (136ms)
			ReleaseScriptCaches (1ms)
			RebuildScriptCaches (26ms)
			SetupLoadedEditorAssemblies (229ms)
				LogAssemblyErrors (0ms)
				InitializePlatformSupportModulesInManaged (9ms)
				SetLoadedEditorAssemblies (0ms)
				RefreshPlugins (1ms)
				BeforeProcessingInitializeOnLoad (68ms)
				ProcessInitializeOnLoadAttributes (116ms)
				ProcessInitializeOnLoadMethodAttributes (22ms)
				AfterProcessingInitializeOnLoad (13ms)
				EditorAssembliesLoaded (0ms)
			ExecutionOrderSort2 (0ms)
			AwakeInstancesAfterBackupRestoration (6ms)
Platform modules already initialized, skipping
Refreshing native plugins compatible for Editor in 1.89 ms, found 4 plugins.
Preloading 0 native plugins for Editor in 0.00 ms.
Unloading 4122 Unused Serialized files (Serialized files now loaded: 0)
Unloading 25 unused Assets / (24.7 KB). Loaded Objects now: 4651.
Memory consumption went from 175.0 MB to 174.9 MB.
Total: 2.464200 ms (FindLiveObjects: 0.256900 ms CreateObjectMapping: 0.054300 ms MarkObjects: 2.135800 ms  DeleteObjects: 0.016400 ms)

AssetImportParameters requested are different than current active one (requested -> active):
  custom:video-decoder-ogg-theora: a1e56fd34408186e4bbccfd4996cb3dc -> 
  custom:container-muxer-webm: aa71ff27fc2769a1b78a27578f13a17b -> 
  custom:container-demuxer-webm: 4f35f7cbe854078d1ac9338744f61a02 -> 
  custom:video-encoder-webm-vp8: eb34c28f22e8b96e1ab97ce403110664 -> 
  custom:audio-encoder-webm-vorbis: bf7c407c2cedff20999df2af8eb42d56 -> 
  custom:framework-win-MediaFoundation: 216162199b28c13a410421893ffa2e32 -> 
  custom:container-demuxer-ogg: 62fdf1f143b41e24485cea50d1cbac27 -> 
  custom:video-decoder-webm-vp8: 9c59270c3fd7afecdb556c50c9e8de78 -> 
  custom:audio-decoder-ogg-vorbis: bf7c407c2cedff20999df2af8eb42d56 -> 
========================================================================
Received Import Request.
  Time since last request: 3.098948 seconds.
  path: Assets/Prefab/Prefab/StrawBerryTree.prefab
  artifactKey: Guid(31c77a33f5eebf3438571f95e189abf4) Importer(815301076,1909f56bfc062723c751e8b465ee728b)
Start importing Assets/Prefab/Prefab/StrawBerryTree.prefab using Guid(31c77a33f5eebf3438571f95e189abf4) Importer(815301076,1909f56bfc062723c751e8b465ee728b)  -> (artifact id: 'f161ae7107a2dca27d4eb492252a2713') in 0.043009 seconds 
========================================================================
Received Import Request.
  Time since last request: 4.569811 seconds.
  path: Assets/Prefab/Prefab/Forge.prefab
  artifactKey: Guid(2cb6606169a9945a09906ace1ef0e98e) Importer(815301076,1909f56bfc062723c751e8b465ee728b)
Start importing Assets/Prefab/Prefab/Forge.prefab using Guid(2cb6606169a9945a09906ace1ef0e98e) Importer(815301076,1909f56bfc062723c751e8b465ee728b)  -> (artifact id: '8d262e9da7327e5a1c4293a87594a5d5') in 0.011851 seconds 
========================================================================
Received Import Request.
  Time since last request: 0.000014 seconds.
  path: Assets/Prefab/Prefab/Timber.prefab
  artifactKey: Guid(ea13f397e2c9a4d139e1664e649ca8f4) Importer(815301076,1909f56bfc062723c751e8b465ee728b)
Start importing Assets/Prefab/Prefab/Timber.prefab using Guid(ea13f397e2c9a4d139e1664e649ca8f4) Importer(815301076,1909f56bfc062723c751e8b465ee728b)  -> (artifact id: '1ba17acdbc59927c789bec16f05d1ea1') in 0.012437 seconds 
========================================================================
Received Import Request.
  Time since last request: 0.000023 seconds.
  path: Assets/Prefab/Prefab/Player.prefab
  artifactKey: Guid(56efe3c0348f5484e97a59757c08a75d) Importer(815301076,1909f56bfc062723c751e8b465ee728b)
Start importing Assets/Prefab/Prefab/Player.prefab using Guid(56efe3c0348f5484e97a59757c08a75d) Importer(815301076,1909f56bfc062723c751e8b465ee728b)  -> (artifact id: '13e0ca7fd0b2eca1dd2248fe0bd9c614') in 0.010823 seconds 
========================================================================
Received Import Request.
  Time since last request: 0.000014 seconds.
  path: Assets/Prefab/Prefab/GoldIngot.prefab
  artifactKey: Guid(db58b165bdcc34f618e8803d8033e17b) Importer(815301076,1909f56bfc062723c751e8b465ee728b)
Start importing Assets/Prefab/Prefab/GoldIngot.prefab using Guid(db58b165bdcc34f618e8803d8033e17b) Importer(815301076,1909f56bfc062723c751e8b465ee728b)  -> (artifact id: 'b6a6f01c7d90da89921e6df096627829') in 0.011832 seconds 
========================================================================
Received Import Request.
  Time since last request: 0.000009 seconds.
  path: Assets/Prefab/Prefab/StrawBerry.prefab
  artifactKey: Guid(a543c58962bee70409c0e11a0e6c5a1d) Importer(815301076,1909f56bfc062723c751e8b465ee728b)
Start importing Assets/Prefab/Prefab/StrawBerry.prefab using Guid(a543c58962bee70409c0e11a0e6c5a1d) Importer(815301076,1909f56bfc062723c751e8b465ee728b)  -> (artifact id: '00df8deb6fb0d1814a613e5ba5616efa') in 0.010518 seconds 
========================================================================
Received Prepare
Registering precompiled user dll's ...
Registered in 0.006619 seconds.
Begin MonoManager ReloadAssembly
Symbol file LoadedFromMemory doesn't match image E:\Unity\CardProject\GameProject1\Library\PackageCache\com.unity.visualscripting@1.7.8\Editor\VisualScripting.Core\Dependencies\YamlDotNet\Unity.VisualScripting.YamlDotNet.dll
Symbol file LoadedFromMemory doesn't match image E:\Unity\CardProject\GameProject1\Library\PackageCache\com.unity.visualscripting@1.7.8\Editor\VisualScripting.Core\Dependencies\DotNetZip\Unity.VisualScripting.IonicZip.dll
Native extension for WindowsStandalone target not found
Refreshing native plugins compatible for Editor in 0.83 ms, found 4 plugins.
Preloading 0 native plugins for Editor in 0.00 ms.
Mono: successfully reloaded assembly
- Completed reload, in  0.713 seconds
Domain Reload Profiling:
	ReloadAssembly (713ms)
		BeginReloadAssembly (122ms)
			ExecutionOrderSort (0ms)
			DisableScriptedObjects (4ms)
			BackupInstance (0ms)
			ReleaseScriptingObjects (0ms)
			CreateAndSetChildDomain (28ms)
		EndReloadAssembly (509ms)
			LoadAssemblies (92ms)
			RebuildTransferFunctionScriptingTraits (0ms)
			SetupTypeCache (142ms)
			ReleaseScriptCaches (1ms)
			RebuildScriptCaches (26ms)
			SetupLoadedEditorAssemblies (243ms)
				LogAssemblyErrors (0ms)
				InitializePlatformSupportModulesInManaged (9ms)
				SetLoadedEditorAssemblies (0ms)
				RefreshPlugins (1ms)
				BeforeProcessingInitializeOnLoad (68ms)
				ProcessInitializeOnLoadAttributes (117ms)
				ProcessInitializeOnLoadMethodAttributes (21ms)
				AfterProcessingInitializeOnLoad (26ms)
				EditorAssembliesLoaded (0ms)
			ExecutionOrderSort2 (0ms)
			AwakeInstancesAfterBackupRestoration (6ms)
Platform modules already initialized, skipping
Refreshing native plugins compatible for Editor in 2.66 ms, found 4 plugins.
Preloading 0 native plugins for Editor in 0.00 ms.
Unloading 4122 Unused Serialized files (Serialized files now loaded: 0)
Unloading 25 unused Assets / (24.6 KB). Loaded Objects now: 4654.
Memory consumption went from 175.0 MB to 174.9 MB.
Total: 2.338500 ms (FindLiveObjects: 0.258100 ms CreateObjectMapping: 0.065200 ms MarkObjects: 2.002400 ms  DeleteObjects: 0.012400 ms)

AssetImportParameters requested are different than current active one (requested -> active):
  custom:video-decoder-ogg-theora: a1e56fd34408186e4bbccfd4996cb3dc -> 
  custom:container-muxer-webm: aa71ff27fc2769a1b78a27578f13a17b -> 
  custom:container-demuxer-webm: 4f35f7cbe854078d1ac9338744f61a02 -> 
  custom:video-encoder-webm-vp8: eb34c28f22e8b96e1ab97ce403110664 -> 
  custom:audio-encoder-webm-vorbis: bf7c407c2cedff20999df2af8eb42d56 -> 
  custom:framework-win-MediaFoundation: 216162199b28c13a410421893ffa2e32 -> 
  custom:container-demuxer-ogg: 62fdf1f143b41e24485cea50d1cbac27 -> 
  custom:video-decoder-webm-vp8: 9c59270c3fd7afecdb556c50c9e8de78 -> 
  custom:audio-decoder-ogg-vorbis: bf7c407c2cedff20999df2af8eb42d56 -> 
========================================================================
Received Import Request.
  Time since last request: 10.813766 seconds.
  path: Assets/Prefab/Prefab/Forge.prefab
  artifactKey: Guid(2cb6606169a9945a09906ace1ef0e98e) Importer(815301076,1909f56bfc062723c751e8b465ee728b)
Start importing Assets/Prefab/Prefab/Forge.prefab using Guid(2cb6606169a9945a09906ace1ef0e98e) Importer(815301076,1909f56bfc062723c751e8b465ee728b)  -> (artifact id: '83aeb07f32ba892b5fc8ff9ed79eff63') in 0.315700 seconds 
========================================================================
Received Import Request.
  Time since last request: 0.000013 seconds.
  path: Assets/Prefab/Prefab/Panel.prefab
  artifactKey: Guid(ed094ab93809a4a41b38beb36fce5209) Importer(815301076,1909f56bfc062723c751e8b465ee728b)
Start importing Assets/Prefab/Prefab/Panel.prefab using Guid(ed094ab93809a4a41b38beb36fce5209) Importer(815301076,1909f56bfc062723c751e8b465ee728b)  -> (artifact id: '42a4fbf355d84132c314a7a0fad7cdb9') in 0.025596 seconds 
========================================================================
Received Import Request.
  Time since last request: 0.000014 seconds.
  path: Assets/Prefab/Prefab/StrawBerry.prefab
  artifactKey: Guid(a543c58962bee70409c0e11a0e6c5a1d) Importer(815301076,1909f56bfc062723c751e8b465ee728b)
Start importing Assets/Prefab/Prefab/StrawBerry.prefab using Guid(a543c58962bee70409c0e11a0e6c5a1d) Importer(815301076,1909f56bfc062723c751e8b465ee728b)  -> (artifact id: 'faf55b02c6ebbf6086a4f4743e5436de') in 0.010766 seconds 
========================================================================
Received Prepare
Registering precompiled user dll's ...
Registered in 0.008915 seconds.
Begin MonoManager ReloadAssembly
Symbol file LoadedFromMemory doesn't match image E:\Unity\CardProject\GameProject1\Library\PackageCache\com.unity.visualscripting@1.7.8\Editor\VisualScripting.Core\Dependencies\YamlDotNet\Unity.VisualScripting.YamlDotNet.dll
Symbol file LoadedFromMemory doesn't match image E:\Unity\CardProject\GameProject1\Library\PackageCache\com.unity.visualscripting@1.7.8\Editor\VisualScripting.Core\Dependencies\DotNetZip\Unity.VisualScripting.IonicZip.dll
Native extension for WindowsStandalone target not found
Refreshing native plugins compatible for Editor in 0.78 ms, found 4 plugins.
Preloading 0 native plugins for Editor in 0.00 ms.
Mono: successfully reloaded assembly
- Completed reload, in  0.706 seconds
Domain Reload Profiling:
	ReloadAssembly (706ms)
		BeginReloadAssembly (128ms)
			ExecutionOrderSort (0ms)
			DisableScriptedObjects (3ms)
			BackupInstance (0ms)
			ReleaseScriptingObjects (0ms)
			CreateAndSetChildDomain (28ms)
		EndReloadAssembly (489ms)
			LoadAssemblies (103ms)
			RebuildTransferFunctionScriptingTraits (0ms)
			SetupTypeCache (132ms)
			ReleaseScriptCaches (1ms)
			RebuildScriptCaches (27ms)
			SetupLoadedEditorAssemblies (232ms)
				LogAssemblyErrors (0ms)
				InitializePlatformSupportModulesInManaged (9ms)
				SetLoadedEditorAssemblies (0ms)
				RefreshPlugins (1ms)
				BeforeProcessingInitializeOnLoad (64ms)
				ProcessInitializeOnLoadAttributes (117ms)
				ProcessInitializeOnLoadMethodAttributes (23ms)
				AfterProcessingInitializeOnLoad (17ms)
				EditorAssembliesLoaded (0ms)
			ExecutionOrderSort2 (0ms)
			AwakeInstancesAfterBackupRestoration (6ms)
Platform modules already initialized, skipping
Refreshing native plugins compatible for Editor in 2.39 ms, found 4 plugins.
Preloading 0 native plugins for Editor in 0.00 ms.
Unloading 4122 Unused Serialized files (Serialized files now loaded: 0)
Unloading 25 unused Assets / (24.7 KB). Loaded Objects now: 4657.
Memory consumption went from 175.0 MB to 175.0 MB.
Total: 2.595200 ms (FindLiveObjects: 0.290000 ms CreateObjectMapping: 0.108200 ms MarkObjects: 2.177600 ms  DeleteObjects: 0.018900 ms)

AssetImportParameters requested are different than current active one (requested -> active):
  custom:video-decoder-ogg-theora: a1e56fd34408186e4bbccfd4996cb3dc -> 
  custom:container-muxer-webm: aa71ff27fc2769a1b78a27578f13a17b -> 
  custom:container-demuxer-webm: 4f35f7cbe854078d1ac9338744f61a02 -> 
  custom:video-encoder-webm-vp8: eb34c28f22e8b96e1ab97ce403110664 -> 
  custom:audio-encoder-webm-vorbis: bf7c407c2cedff20999df2af8eb42d56 -> 
  custom:framework-win-MediaFoundation: 216162199b28c13a410421893ffa2e32 -> 
  custom:container-demuxer-ogg: 62fdf1f143b41e24485cea50d1cbac27 -> 
  custom:video-decoder-webm-vp8: 9c59270c3fd7afecdb556c50c9e8de78 -> 
  custom:audio-decoder-ogg-vorbis: bf7c407c2cedff20999df2af8eb42d56 -> 
