Using pre-set license
Built from '2021.3/staging' branch; Version is '2021.3.6f1 (7da38d85baf6) revision 8233869'; Using compiler version '192829333'; Build Type 'Release'
OS: 'Windows 10  (10.0.19045) 64bit Professional' Language: 'ko' Physical Memory: 65266 MB
BatchMode: 1, IsHumanControllingUs: 0, StartBugReporterOnCrash: 0, Is64bit: 1, IsPro: 1

COMMAND LINE ARGUMENTS:
C:\Program Files\Unity\Hub\Editor\2021.3.6f1\Editor\Unity.exe
-adb2
-batchMode
-noUpm
-name
AssetImportWorker10
-projectPath
E:/Unity/CardProject/GameProject1
-logFile
Logs/AssetImportWorker10.log
-srvPort
3885
Successfully changed project path to: E:/Unity/CardProject/GameProject1
E:/Unity/CardProject/GameProject1
[UnityMemory] Configuration Parameters - Can be set up in boot.config
    "memorysetup-bucket-allocator-granularity=16"
    "memorysetup-bucket-allocator-bucket-count=8"
    "memorysetup-bucket-allocator-block-size=33554432"
    "memorysetup-bucket-allocator-block-count=8"
    "memorysetup-main-allocator-block-size=16777216"
    "memorysetup-thread-allocator-block-size=16777216"
    "memorysetup-gfx-main-allocator-block-size=16777216"
    "memorysetup-gfx-thread-allocator-block-size=16777216"
    "memorysetup-cache-allocator-block-size=4194304"
    "memorysetup-typetree-allocator-block-size=2097152"
    "memorysetup-profiler-bucket-allocator-granularity=16"
    "memorysetup-profiler-bucket-allocator-bucket-count=8"
    "memorysetup-profiler-bucket-allocator-block-size=33554432"
    "memorysetup-profiler-bucket-allocator-block-count=8"
    "memorysetup-profiler-allocator-block-size=16777216"
    "memorysetup-profiler-editor-allocator-block-size=1048576"
    "memorysetup-temp-allocator-size-main=16777216"
    "memorysetup-job-temp-allocator-block-size=2097152"
    "memorysetup-job-temp-allocator-block-size-background=1048576"
    "memorysetup-job-temp-allocator-reduction-small-platforms=262144"
    "memorysetup-temp-allocator-size-background-worker=32768"
    "memorysetup-temp-allocator-size-job-worker=262144"
    "memorysetup-temp-allocator-size-preload-manager=33554432"
    "memorysetup-temp-allocator-size-nav-mesh-worker=65536"
    "memorysetup-temp-allocator-size-audio-worker=65536"
    "memorysetup-temp-allocator-size-cloud-worker=32768"
    "memorysetup-temp-allocator-size-gi-baking-worker=262144"
    "memorysetup-temp-allocator-size-gfx=262144"
Refreshing native plugins compatible for Editor in 62.22 ms, found 4 plugins.
Preloading 0 native plugins for Editor in 0.00 ms.
Initialize engine version: 2021.3.6f1 (7da38d85baf6)
[Subsystems] Discovering subsystems at path C:/Program Files/Unity/Hub/Editor/2021.3.6f1/Editor/Data/Resources/UnitySubsystems
[Subsystems] Discovering subsystems at path E:/Unity/CardProject/GameProject1/Assets
GfxDevice: creating device client; threaded=0; jobified=0
Direct3D:
    Version:  Direct3D 11.0 [level 11.1]
    Renderer: NVIDIA GeForce RTX 3070 (ID=0x2484)
    Vendor:   NVIDIA
    VRAM:     8018 MB
    Driver:   32.0.15.6094
Initialize mono
Mono path[0] = 'C:/Program Files/Unity/Hub/Editor/2021.3.6f1/Editor/Data/Managed'
Mono path[1] = 'C:/Program Files/Unity/Hub/Editor/2021.3.6f1/Editor/Data/MonoBleedingEdge/lib/mono/unityjit-win32'
Mono config path = 'C:/Program Files/Unity/Hub/Editor/2021.3.6f1/Editor/Data/MonoBleedingEdge/etc'
Using monoOptions --debugger-agent=transport=dt_socket,embedding=1,server=y,suspend=n,address=127.0.0.1:56716
Begin MonoManager ReloadAssembly
Registering precompiled unity dll's ...
Register platform support module: C:/Program Files/Unity/Hub/Editor/2021.3.6f1/Editor/Data/PlaybackEngines/WindowsStandaloneSupport/UnityEditor.WindowsStandalone.Extensions.dll
Registered in 0.009086 seconds.
Native extension for WindowsStandalone target not found
Refreshing native plugins compatible for Editor in 58.94 ms, found 4 plugins.
Preloading 0 native plugins for Editor in 0.00 ms.
Mono: successfully reloaded assembly
- Completed reload, in  0.409 seconds
Domain Reload Profiling:
	ReloadAssembly (410ms)
		BeginReloadAssembly (57ms)
			ExecutionOrderSort (0ms)
			DisableScriptedObjects (0ms)
			BackupInstance (0ms)
			ReleaseScriptingObjects (0ms)
			CreateAndSetChildDomain (0ms)
		EndReloadAssembly (266ms)
			LoadAssemblies (55ms)
			RebuildTransferFunctionScriptingTraits (0ms)
			SetupTypeCache (56ms)
			ReleaseScriptCaches (0ms)
			RebuildScriptCaches (15ms)
			SetupLoadedEditorAssemblies (162ms)
				LogAssemblyErrors (0ms)
				InitializePlatformSupportModulesInManaged (6ms)
				SetLoadedEditorAssemblies (0ms)
				RefreshPlugins (59ms)
				BeforeProcessingInitializeOnLoad (1ms)
				ProcessInitializeOnLoadAttributes (68ms)
				ProcessInitializeOnLoadMethodAttributes (28ms)
				AfterProcessingInitializeOnLoad (0ms)
				EditorAssembliesLoaded (0ms)
			ExecutionOrderSort2 (0ms)
			AwakeInstancesAfterBackupRestoration (0ms)
Platform modules already initialized, skipping
Registering precompiled user dll's ...
Registered in 0.004508 seconds.
Begin MonoManager ReloadAssembly
Symbol file LoadedFromMemory doesn't match image E:\Unity\CardProject\GameProject1\Library\PackageCache\com.unity.visualscripting@1.7.8\Editor\VisualScripting.Core\Dependencies\YamlDotNet\Unity.VisualScripting.YamlDotNet.dll
Symbol file LoadedFromMemory doesn't match image E:\Unity\CardProject\GameProject1\Library\PackageCache\com.unity.visualscripting@1.7.8\Editor\VisualScripting.Core\Dependencies\DotNetZip\Unity.VisualScripting.IonicZip.dll
Native extension for WindowsStandalone target not found
Refreshing native plugins compatible for Editor in 59.29 ms, found 4 plugins.
Preloading 0 native plugins for Editor in 0.00 ms.
Mono: successfully reloaded assembly
- Completed reload, in  0.711 seconds
Domain Reload Profiling:
	ReloadAssembly (711ms)
		BeginReloadAssembly (82ms)
			ExecutionOrderSort (0ms)
			DisableScriptedObjects (3ms)
			BackupInstance (0ms)
			ReleaseScriptingObjects (0ms)
			CreateAndSetChildDomain (15ms)
		EndReloadAssembly (548ms)
			LoadAssemblies (67ms)
			RebuildTransferFunctionScriptingTraits (0ms)
			SetupTypeCache (129ms)
			ReleaseScriptCaches (1ms)
			RebuildScriptCaches (32ms)
			SetupLoadedEditorAssemblies (307ms)
				LogAssemblyErrors (0ms)
				InitializePlatformSupportModulesInManaged (4ms)
				SetLoadedEditorAssemblies (0ms)
				RefreshPlugins (59ms)
				BeforeProcessingInitializeOnLoad (71ms)
				ProcessInitializeOnLoadAttributes (132ms)
				ProcessInitializeOnLoadMethodAttributes (27ms)
				AfterProcessingInitializeOnLoad (14ms)
				EditorAssembliesLoaded (0ms)
			ExecutionOrderSort2 (0ms)
			AwakeInstancesAfterBackupRestoration (4ms)
Platform modules already initialized, skipping
========================================================================
Worker process is ready to serve import requests
Launched and connected shader compiler UnityShaderCompiler.exe after 0.04 seconds
Refreshing native plugins compatible for Editor in 0.71 ms, found 4 plugins.
Preloading 0 native plugins for Editor in 0.00 ms.
Unloading 4147 Unused Serialized files (Serialized files now loaded: 0)
Unloading 38 unused Assets / (55.5 KB). Loaded Objects now: 4621.
Memory consumption went from 172.4 MB to 172.4 MB.
Total: 2.557900 ms (FindLiveObjects: 0.230700 ms CreateObjectMapping: 0.059100 ms MarkObjects: 2.219000 ms  DeleteObjects: 0.048900 ms)

AssetImportParameters requested are different than current active one (requested -> active):
  custom:video-decoder-ogg-theora: a1e56fd34408186e4bbccfd4996cb3dc -> 
  custom:container-muxer-webm: aa71ff27fc2769a1b78a27578f13a17b -> 
  custom:container-demuxer-webm: 4f35f7cbe854078d1ac9338744f61a02 -> 
  custom:video-encoder-webm-vp8: eb34c28f22e8b96e1ab97ce403110664 -> 
  custom:audio-encoder-webm-vorbis: bf7c407c2cedff20999df2af8eb42d56 -> 
  custom:framework-win-MediaFoundation: 216162199b28c13a410421893ffa2e32 -> 
  custom:container-demuxer-ogg: 62fdf1f143b41e24485cea50d1cbac27 -> 
  custom:video-decoder-webm-vp8: 9c59270c3fd7afecdb556c50c9e8de78 -> 
  custom:audio-decoder-ogg-vorbis: bf7c407c2cedff20999df2af8eb42d56 -> 
========================================================================
Received Prepare
Registering precompiled user dll's ...
Registered in 0.006103 seconds.
Begin MonoManager ReloadAssembly
Symbol file LoadedFromMemory doesn't match image E:\Unity\CardProject\GameProject1\Library\PackageCache\com.unity.visualscripting@1.7.8\Editor\VisualScripting.Core\Dependencies\YamlDotNet\Unity.VisualScripting.YamlDotNet.dll
Symbol file LoadedFromMemory doesn't match image E:\Unity\CardProject\GameProject1\Library\PackageCache\com.unity.visualscripting@1.7.8\Editor\VisualScripting.Core\Dependencies\DotNetZip\Unity.VisualScripting.IonicZip.dll
Native extension for WindowsStandalone target not found
Refreshing native plugins compatible for Editor in 0.74 ms, found 4 plugins.
Preloading 0 native plugins for Editor in 0.00 ms.
Mono: successfully reloaded assembly
- Completed reload, in  0.654 seconds
Domain Reload Profiling:
	ReloadAssembly (654ms)
		BeginReloadAssembly (106ms)
			ExecutionOrderSort (0ms)
			DisableScriptedObjects (5ms)
			BackupInstance (0ms)
			ReleaseScriptingObjects (0ms)
			CreateAndSetChildDomain (28ms)
		EndReloadAssembly (482ms)
			LoadAssemblies (72ms)
			RebuildTransferFunctionScriptingTraits (0ms)
			SetupTypeCache (138ms)
			ReleaseScriptCaches (1ms)
			RebuildScriptCaches (28ms)
			SetupLoadedEditorAssemblies (226ms)
				LogAssemblyErrors (0ms)
				InitializePlatformSupportModulesInManaged (9ms)
				SetLoadedEditorAssemblies (0ms)
				RefreshPlugins (1ms)
				BeforeProcessingInitializeOnLoad (55ms)
				ProcessInitializeOnLoadAttributes (120ms)
				ProcessInitializeOnLoadMethodAttributes (25ms)
				AfterProcessingInitializeOnLoad (15ms)
				EditorAssembliesLoaded (0ms)
			ExecutionOrderSort2 (0ms)
			AwakeInstancesAfterBackupRestoration (6ms)
Platform modules already initialized, skipping
Refreshing native plugins compatible for Editor in 1.62 ms, found 4 plugins.
Preloading 0 native plugins for Editor in 0.00 ms.
Unloading 4122 Unused Serialized files (Serialized files now loaded: 0)
Unloading 25 unused Assets / (24.6 KB). Loaded Objects now: 4624.
Memory consumption went from 170.4 MB to 170.4 MB.
Total: 2.302100 ms (FindLiveObjects: 0.220500 ms CreateObjectMapping: 0.052900 ms MarkObjects: 2.012500 ms  DeleteObjects: 0.015600 ms)

AssetImportParameters requested are different than current active one (requested -> active):
  custom:video-decoder-ogg-theora: a1e56fd34408186e4bbccfd4996cb3dc -> 
  custom:container-muxer-webm: aa71ff27fc2769a1b78a27578f13a17b -> 
  custom:container-demuxer-webm: 4f35f7cbe854078d1ac9338744f61a02 -> 
  custom:video-encoder-webm-vp8: eb34c28f22e8b96e1ab97ce403110664 -> 
  custom:audio-encoder-webm-vorbis: bf7c407c2cedff20999df2af8eb42d56 -> 
  custom:framework-win-MediaFoundation: 216162199b28c13a410421893ffa2e32 -> 
  custom:container-demuxer-ogg: 62fdf1f143b41e24485cea50d1cbac27 -> 
  custom:video-decoder-webm-vp8: 9c59270c3fd7afecdb556c50c9e8de78 -> 
  custom:audio-decoder-ogg-vorbis: bf7c407c2cedff20999df2af8eb42d56 -> 
========================================================================
Received Import Request.
  Time since last request: 8434.863084 seconds.
  path: Assets/Prefab/Prefab/Brick.prefab
  artifactKey: Guid(79872dc433b87434ca3473ff6453d1d2) Importer(815301076,1909f56bfc062723c751e8b465ee728b)
Start importing Assets/Prefab/Prefab/Brick.prefab using Guid(79872dc433b87434ca3473ff6453d1d2) Importer(815301076,1909f56bfc062723c751e8b465ee728b)  -> (artifact id: '21c354dc78f9b6e1024e3c50f63068ee') in 0.092695 seconds 
========================================================================
Received Import Request.
  Time since last request: 0.000022 seconds.
  path: Assets/Prefab/Prefab/Player.prefab
  artifactKey: Guid(56efe3c0348f5484e97a59757c08a75d) Importer(815301076,1909f56bfc062723c751e8b465ee728b)
Start importing Assets/Prefab/Prefab/Player.prefab using Guid(56efe3c0348f5484e97a59757c08a75d) Importer(815301076,1909f56bfc062723c751e8b465ee728b)  -> (artifact id: 'd9c1bc6cd493feaa2e9b875722685bcc') in 0.039980 seconds 
========================================================================
Received Import Request.
  Time since last request: 0.000011 seconds.
  path: Assets/Prefab/Prefab/Shadow.prefab
  artifactKey: Guid(34bb9baed46cbcd4a8b331ef294dc067) Importer(815301076,1909f56bfc062723c751e8b465ee728b)
Start importing Assets/Prefab/Prefab/Shadow.prefab using Guid(34bb9baed46cbcd4a8b331ef294dc067) Importer(815301076,1909f56bfc062723c751e8b465ee728b)  -> (artifact id: '4afdb354f51c8a46571d5f87b86fde29') in 0.077014 seconds 
========================================================================
Received Import Request.
  Time since last request: 0.000017 seconds.
  path: Assets/Prefab/Prefab/StrawBerryTree.prefab
  artifactKey: Guid(31c77a33f5eebf3438571f95e189abf4) Importer(815301076,1909f56bfc062723c751e8b465ee728b)
Start importing Assets/Prefab/Prefab/StrawBerryTree.prefab using Guid(31c77a33f5eebf3438571f95e189abf4) Importer(815301076,1909f56bfc062723c751e8b465ee728b)  -> (artifact id: '8c5b3b9e03fd4b1e8f19a50b34d27283') in 0.017249 seconds 
========================================================================
Received Import Request.
  Time since last request: 0.739150 seconds.
  path: Assets/Prefab/Prefab/Brick.prefab
  artifactKey: Guid(79872dc433b87434ca3473ff6453d1d2) Importer(815301076,1909f56bfc062723c751e8b465ee728b)
Start importing Assets/Prefab/Prefab/Brick.prefab using Guid(79872dc433b87434ca3473ff6453d1d2) Importer(815301076,1909f56bfc062723c751e8b465ee728b)  -> (artifact id: 'e4b22013a703e56cc7a7410ddc7ccb97') in 0.012952 seconds 
========================================================================
Received Import Request.
  Time since last request: 0.000016 seconds.
  path: Assets/Prefab/Prefab/Timber.prefab
  artifactKey: Guid(ea13f397e2c9a4d139e1664e649ca8f4) Importer(815301076,1909f56bfc062723c751e8b465ee728b)
Start importing Assets/Prefab/Prefab/Timber.prefab using Guid(ea13f397e2c9a4d139e1664e649ca8f4) Importer(815301076,1909f56bfc062723c751e8b465ee728b)  -> (artifact id: '46ec062ca125b92b14f50c8e0e9d9e96') in 0.011705 seconds 
========================================================================
Received Import Request.
  Time since last request: 0.000013 seconds.
  path: Assets/Prefab/Prefab/Iron.prefab
  artifactKey: Guid(003ada5f2a8ff4469951c35bd380c72e) Importer(815301076,1909f56bfc062723c751e8b465ee728b)
Start importing Assets/Prefab/Prefab/Iron.prefab using Guid(003ada5f2a8ff4469951c35bd380c72e) Importer(815301076,1909f56bfc062723c751e8b465ee728b)  -> (artifact id: 'a113a95554440d091f4867b9dabc6716') in 0.012205 seconds 
========================================================================
Received Import Request.
  Time since last request: 0.000008 seconds.
  path: Assets/Prefab/Prefab/Mine.prefab
  artifactKey: Guid(278afb8e9a18e408a93816a732a4fcc6) Importer(815301076,1909f56bfc062723c751e8b465ee728b)
Start importing Assets/Prefab/Prefab/Mine.prefab using Guid(278afb8e9a18e408a93816a732a4fcc6) Importer(815301076,1909f56bfc062723c751e8b465ee728b)  -> (artifact id: '86a5602fb7b092581cd3f5ccd2825f51') in 0.010981 seconds 
========================================================================
Received Import Request.
  Time since last request: 0.000014 seconds.
  path: Assets/Prefab/Prefab/StrawBerry.prefab
  artifactKey: Guid(a543c58962bee70409c0e11a0e6c5a1d) Importer(815301076,1909f56bfc062723c751e8b465ee728b)
Start importing Assets/Prefab/Prefab/StrawBerry.prefab using Guid(a543c58962bee70409c0e11a0e6c5a1d) Importer(815301076,1909f56bfc062723c751e8b465ee728b)  -> (artifact id: '502436a3fe14d4cfd539ec31aa469a9c') in 0.015821 seconds 
========================================================================
Received Import Request.
  Time since last request: 1.324643 seconds.
  path: Assets/Prefab/Prefab/Brick.prefab
  artifactKey: Guid(79872dc433b87434ca3473ff6453d1d2) Importer(815301076,1909f56bfc062723c751e8b465ee728b)
Start importing Assets/Prefab/Prefab/Brick.prefab using Guid(79872dc433b87434ca3473ff6453d1d2) Importer(815301076,1909f56bfc062723c751e8b465ee728b)  -> (artifact id: '2ed62fc534364a6526edfa9f24926d45') in 0.028082 seconds 
========================================================================
Received Import Request.
  Time since last request: 0.000012 seconds.
  path: Assets/Prefab/Prefab/Timber.prefab
  artifactKey: Guid(ea13f397e2c9a4d139e1664e649ca8f4) Importer(815301076,1909f56bfc062723c751e8b465ee728b)
Start importing Assets/Prefab/Prefab/Timber.prefab using Guid(ea13f397e2c9a4d139e1664e649ca8f4) Importer(815301076,1909f56bfc062723c751e8b465ee728b)  -> (artifact id: 'd92c76ad6595e6375e70ca80d4e956b9') in 0.017466 seconds 
========================================================================
Received Import Request.
  Time since last request: 0.000010 seconds.
  path: Assets/Prefab/Prefab/Iron.prefab
  artifactKey: Guid(003ada5f2a8ff4469951c35bd380c72e) Importer(815301076,1909f56bfc062723c751e8b465ee728b)
Start importing Assets/Prefab/Prefab/Iron.prefab using Guid(003ada5f2a8ff4469951c35bd380c72e) Importer(815301076,1909f56bfc062723c751e8b465ee728b)  -> (artifact id: '23cb55771a2a751607bfb38effd44828') in 0.011072 seconds 
========================================================================
Received Import Request.
  Time since last request: 0.000008 seconds.
  path: Assets/Prefab/Prefab/GoldIngot.prefab
  artifactKey: Guid(db58b165bdcc34f618e8803d8033e17b) Importer(815301076,1909f56bfc062723c751e8b465ee728b)
Start importing Assets/Prefab/Prefab/GoldIngot.prefab using Guid(db58b165bdcc34f618e8803d8033e17b) Importer(815301076,1909f56bfc062723c751e8b465ee728b)  -> (artifact id: 'd6f4f507e969f5b6f415dd266f8b3339') in 0.021949 seconds 
========================================================================
Received Import Request.
  Time since last request: 8.550660 seconds.
  path: Assets/Prefab/Prefab/Brick.prefab
  artifactKey: Guid(79872dc433b87434ca3473ff6453d1d2) Importer(815301076,1909f56bfc062723c751e8b465ee728b)
Start importing Assets/Prefab/Prefab/Brick.prefab using Guid(79872dc433b87434ca3473ff6453d1d2) Importer(815301076,1909f56bfc062723c751e8b465ee728b)  -> (artifact id: 'f443cdfd88561811f2ba89185c95fece') in 0.012099 seconds 
========================================================================
Received Import Request.
  Time since last request: 0.000013 seconds.
  path: Assets/Prefab/Prefab/House.prefab
  artifactKey: Guid(19ec8985e2938402f8a1e237141f2e44) Importer(815301076,1909f56bfc062723c751e8b465ee728b)
Start importing Assets/Prefab/Prefab/House.prefab using Guid(19ec8985e2938402f8a1e237141f2e44) Importer(815301076,1909f56bfc062723c751e8b465ee728b)  -> (artifact id: 'b5844d52a7e78bb6720071cf7e46eaff') in 0.012216 seconds 
========================================================================
Received Import Request.
  Time since last request: 0.000016 seconds.
  path: Assets/Prefab/Prefab/Stone.prefab
  artifactKey: Guid(c9897b3da5ffcb1489d59c37cc58c638) Importer(815301076,1909f56bfc062723c751e8b465ee728b)
Start importing Assets/Prefab/Prefab/Stone.prefab using Guid(c9897b3da5ffcb1489d59c37cc58c638) Importer(815301076,1909f56bfc062723c751e8b465ee728b)  -> (artifact id: 'dd5f31f2dbb8b6657c987d6a01d6662f') in 0.014147 seconds 
========================================================================
Received Import Request.
  Time since last request: 0.000016 seconds.
  path: Assets/Prefab/Prefab/GoldIngot.prefab
  artifactKey: Guid(db58b165bdcc34f618e8803d8033e17b) Importer(815301076,1909f56bfc062723c751e8b465ee728b)
Start importing Assets/Prefab/Prefab/GoldIngot.prefab using Guid(db58b165bdcc34f618e8803d8033e17b) Importer(815301076,1909f56bfc062723c751e8b465ee728b)  -> (artifact id: 'fcfeb943e6857013b0fb0e277661cf87') in 0.013153 seconds 
========================================================================
Received Import Request.
  Time since last request: 0.000013 seconds.
  path: Assets/Prefab/Prefab/StrawBerry.prefab
  artifactKey: Guid(a543c58962bee70409c0e11a0e6c5a1d) Importer(815301076,1909f56bfc062723c751e8b465ee728b)
Start importing Assets/Prefab/Prefab/StrawBerry.prefab using Guid(a543c58962bee70409c0e11a0e6c5a1d) Importer(815301076,1909f56bfc062723c751e8b465ee728b)  -> (artifact id: 'ca5420350cbac59f4db80b2041c8264d') in 0.011606 seconds 
========================================================================
Received Import Request.
  Time since last request: 1.571512 seconds.
  path: Assets/Prefab/Prefab/Brick.prefab
  artifactKey: Guid(79872dc433b87434ca3473ff6453d1d2) Importer(815301076,1909f56bfc062723c751e8b465ee728b)
Start importing Assets/Prefab/Prefab/Brick.prefab using Guid(79872dc433b87434ca3473ff6453d1d2) Importer(815301076,1909f56bfc062723c751e8b465ee728b)  -> (artifact id: '4acf06bb83cc4d00c13bf487b17b12ef') in 0.023763 seconds 
========================================================================
Received Import Request.
  Time since last request: 0.000017 seconds.
  path: Assets/Prefab/Prefab/Timber.prefab
  artifactKey: Guid(ea13f397e2c9a4d139e1664e649ca8f4) Importer(815301076,1909f56bfc062723c751e8b465ee728b)
Start importing Assets/Prefab/Prefab/Timber.prefab using Guid(ea13f397e2c9a4d139e1664e649ca8f4) Importer(815301076,1909f56bfc062723c751e8b465ee728b)  -> (artifact id: 'f78812a51f2d762953e86c76e57fb410') in 0.014874 seconds 
========================================================================
Received Import Request.
  Time since last request: 0.000021 seconds.
  path: Assets/Prefab/Prefab/Iron.prefab
  artifactKey: Guid(003ada5f2a8ff4469951c35bd380c72e) Importer(815301076,1909f56bfc062723c751e8b465ee728b)
Start importing Assets/Prefab/Prefab/Iron.prefab using Guid(003ada5f2a8ff4469951c35bd380c72e) Importer(815301076,1909f56bfc062723c751e8b465ee728b)  -> (artifact id: '3fbb1f33f00a34801d39d98dbb4edc59') in 0.021711 seconds 
========================================================================
Received Import Request.
  Time since last request: 0.000015 seconds.
  path: Assets/Prefab/Prefab/Panel.prefab
  artifactKey: Guid(ed094ab93809a4a41b38beb36fce5209) Importer(815301076,1909f56bfc062723c751e8b465ee728b)
Start importing Assets/Prefab/Prefab/Panel.prefab using Guid(ed094ab93809a4a41b38beb36fce5209) Importer(815301076,1909f56bfc062723c751e8b465ee728b)  -> (artifact id: 'c74d10b48043284e943fa68d1bf3ae50') in 0.016913 seconds 
========================================================================
Received Prepare
Registering precompiled user dll's ...
Registered in 0.006367 seconds.
Begin MonoManager ReloadAssembly
Symbol file LoadedFromMemory doesn't match image E:\Unity\CardProject\GameProject1\Library\PackageCache\com.unity.visualscripting@1.7.8\Editor\VisualScripting.Core\Dependencies\YamlDotNet\Unity.VisualScripting.YamlDotNet.dll
Symbol file LoadedFromMemory doesn't match image E:\Unity\CardProject\GameProject1\Library\PackageCache\com.unity.visualscripting@1.7.8\Editor\VisualScripting.Core\Dependencies\DotNetZip\Unity.VisualScripting.IonicZip.dll
Native extension for WindowsStandalone target not found
Refreshing native plugins compatible for Editor in 0.68 ms, found 4 plugins.
Preloading 0 native plugins for Editor in 0.00 ms.
Mono: successfully reloaded assembly
- Completed reload, in  0.704 seconds
Domain Reload Profiling:
	ReloadAssembly (704ms)
		BeginReloadAssembly (119ms)
			ExecutionOrderSort (0ms)
			DisableScriptedObjects (4ms)
			BackupInstance (0ms)
			ReleaseScriptingObjects (0ms)
			CreateAndSetChildDomain (29ms)
		EndReloadAssembly (500ms)
			LoadAssemblies (91ms)
			RebuildTransferFunctionScriptingTraits (0ms)
			SetupTypeCache (138ms)
			ReleaseScriptCaches (1ms)
			RebuildScriptCaches (27ms)
			SetupLoadedEditorAssemblies (237ms)
				LogAssemblyErrors (0ms)
				InitializePlatformSupportModulesInManaged (12ms)
				SetLoadedEditorAssemblies (0ms)
				RefreshPlugins (1ms)
				BeforeProcessingInitializeOnLoad (62ms)
				ProcessInitializeOnLoadAttributes (120ms)
				ProcessInitializeOnLoadMethodAttributes (22ms)
				AfterProcessingInitializeOnLoad (20ms)
				EditorAssembliesLoaded (0ms)
			ExecutionOrderSort2 (0ms)
			AwakeInstancesAfterBackupRestoration (6ms)
Platform modules already initialized, skipping
Refreshing native plugins compatible for Editor in 1.78 ms, found 4 plugins.
Preloading 0 native plugins for Editor in 0.00 ms.
Unloading 4122 Unused Serialized files (Serialized files now loaded: 0)
Unloading 25 unused Assets / (24.7 KB). Loaded Objects now: 4636.
Memory consumption went from 174.9 MB to 174.9 MB.
Total: 2.648000 ms (FindLiveObjects: 0.258600 ms CreateObjectMapping: 0.093200 ms MarkObjects: 2.280700 ms  DeleteObjects: 0.014900 ms)

AssetImportParameters requested are different than current active one (requested -> active):
  custom:video-decoder-ogg-theora: a1e56fd34408186e4bbccfd4996cb3dc -> 
  custom:container-muxer-webm: aa71ff27fc2769a1b78a27578f13a17b -> 
  custom:container-demuxer-webm: 4f35f7cbe854078d1ac9338744f61a02 -> 
  custom:video-encoder-webm-vp8: eb34c28f22e8b96e1ab97ce403110664 -> 
  custom:audio-encoder-webm-vorbis: bf7c407c2cedff20999df2af8eb42d56 -> 
  custom:framework-win-MediaFoundation: 216162199b28c13a410421893ffa2e32 -> 
  custom:container-demuxer-ogg: 62fdf1f143b41e24485cea50d1cbac27 -> 
  custom:video-decoder-webm-vp8: 9c59270c3fd7afecdb556c50c9e8de78 -> 
  custom:audio-decoder-ogg-vorbis: bf7c407c2cedff20999df2af8eb42d56 -> 
========================================================================
Received Import Request.
  Time since last request: 15.221395 seconds.
  path: Assets/Prefab/Prefab/Brick.prefab
  artifactKey: Guid(79872dc433b87434ca3473ff6453d1d2) Importer(815301076,1909f56bfc062723c751e8b465ee728b)
Start importing Assets/Prefab/Prefab/Brick.prefab using Guid(79872dc433b87434ca3473ff6453d1d2) Importer(815301076,1909f56bfc062723c751e8b465ee728b)  -> (artifact id: 'a83d761780b4167007cb272c34912408') in 0.048017 seconds 
========================================================================
Received Import Request.
  Time since last request: 0.000018 seconds.
  path: Assets/Prefab/Prefab/Timber.prefab
  artifactKey: Guid(ea13f397e2c9a4d139e1664e649ca8f4) Importer(815301076,1909f56bfc062723c751e8b465ee728b)
Start importing Assets/Prefab/Prefab/Timber.prefab using Guid(ea13f397e2c9a4d139e1664e649ca8f4) Importer(815301076,1909f56bfc062723c751e8b465ee728b)  -> (artifact id: '24758757a687576984c52239a6c38aa7') in 0.014117 seconds 
========================================================================
Received Import Request.
  Time since last request: 0.000018 seconds.
  path: Assets/Prefab/Prefab/Iron.prefab
  artifactKey: Guid(003ada5f2a8ff4469951c35bd380c72e) Importer(815301076,1909f56bfc062723c751e8b465ee728b)
Start importing Assets/Prefab/Prefab/Iron.prefab using Guid(003ada5f2a8ff4469951c35bd380c72e) Importer(815301076,1909f56bfc062723c751e8b465ee728b)  -> (artifact id: '88fc72c779b5d3fcec4f2d485df5690f') in 0.016296 seconds 
========================================================================
Received Import Request.
  Time since last request: 0.000028 seconds.
  path: Assets/Prefab/Prefab/StrawBerryTree.prefab
  artifactKey: Guid(31c77a33f5eebf3438571f95e189abf4) Importer(815301076,1909f56bfc062723c751e8b465ee728b)
Start importing Assets/Prefab/Prefab/StrawBerryTree.prefab using Guid(31c77a33f5eebf3438571f95e189abf4) Importer(815301076,1909f56bfc062723c751e8b465ee728b)  -> (artifact id: 'e7c829a6f0a4e1706283aa499e80502f') in 0.011671 seconds 
========================================================================
Received Import Request.
  Time since last request: 1.081909 seconds.
  path: Assets/Prefab/Prefab/Brick.prefab
  artifactKey: Guid(79872dc433b87434ca3473ff6453d1d2) Importer(815301076,1909f56bfc062723c751e8b465ee728b)
Start importing Assets/Prefab/Prefab/Brick.prefab using Guid(79872dc433b87434ca3473ff6453d1d2) Importer(815301076,1909f56bfc062723c751e8b465ee728b)  -> (artifact id: '4d67976a6d98d8d8a07e6d2171e46933') in 0.019942 seconds 
========================================================================
Received Import Request.
  Time since last request: 0.000018 seconds.
  path: Assets/Prefab/Prefab/House.prefab
  artifactKey: Guid(19ec8985e2938402f8a1e237141f2e44) Importer(815301076,1909f56bfc062723c751e8b465ee728b)
Start importing Assets/Prefab/Prefab/House.prefab using Guid(19ec8985e2938402f8a1e237141f2e44) Importer(815301076,1909f56bfc062723c751e8b465ee728b)  -> (artifact id: 'e37fed712a3aaeb767b2751a1a02555f') in 0.019057 seconds 
========================================================================
Received Import Request.
  Time since last request: 0.000012 seconds.
  path: Assets/Prefab/Prefab/IronIngot.prefab
  artifactKey: Guid(ebab837688de34af7887ecdc974d5f40) Importer(815301076,1909f56bfc062723c751e8b465ee728b)
Start importing Assets/Prefab/Prefab/IronIngot.prefab using Guid(ebab837688de34af7887ecdc974d5f40) Importer(815301076,1909f56bfc062723c751e8b465ee728b)  -> (artifact id: '37a76c8a4648610561b1884a775033c2') in 0.016422 seconds 
========================================================================
Received Import Request.
  Time since last request: 0.000010 seconds.
  path: Assets/Prefab/Prefab/Shadow.prefab
  artifactKey: Guid(34bb9baed46cbcd4a8b331ef294dc067) Importer(815301076,1909f56bfc062723c751e8b465ee728b)
Start importing Assets/Prefab/Prefab/Shadow.prefab using Guid(34bb9baed46cbcd4a8b331ef294dc067) Importer(815301076,1909f56bfc062723c751e8b465ee728b)  -> (artifact id: '05c94d7babb1d1875b30127c3b2adacc') in 0.014881 seconds 
========================================================================
Received Import Request.
  Time since last request: 0.000009 seconds.
  path: Assets/Prefab/Prefab/Mine.prefab
  artifactKey: Guid(278afb8e9a18e408a93816a732a4fcc6) Importer(815301076,1909f56bfc062723c751e8b465ee728b)
Start importing Assets/Prefab/Prefab/Mine.prefab using Guid(278afb8e9a18e408a93816a732a4fcc6) Importer(815301076,1909f56bfc062723c751e8b465ee728b)  -> (artifact id: '96983a1d0f37a159e29c6e70143804f4') in 0.016261 seconds 
========================================================================
Received Import Request.
  Time since last request: 0.000009 seconds.
  path: Assets/Prefab/Prefab/StrawBerryTree.prefab
  artifactKey: Guid(31c77a33f5eebf3438571f95e189abf4) Importer(815301076,1909f56bfc062723c751e8b465ee728b)
Start importing Assets/Prefab/Prefab/StrawBerryTree.prefab using Guid(31c77a33f5eebf3438571f95e189abf4) Importer(815301076,1909f56bfc062723c751e8b465ee728b)  -> (artifact id: '53b1c382ba05bb5d1d813cb998504f4e') in 0.026320 seconds 
========================================================================
Received Prepare
Registering precompiled user dll's ...
Registered in 0.005892 seconds.
Begin MonoManager ReloadAssembly
Symbol file LoadedFromMemory doesn't match image E:\Unity\CardProject\GameProject1\Library\PackageCache\com.unity.visualscripting@1.7.8\Editor\VisualScripting.Core\Dependencies\YamlDotNet\Unity.VisualScripting.YamlDotNet.dll
Symbol file LoadedFromMemory doesn't match image E:\Unity\CardProject\GameProject1\Library\PackageCache\com.unity.visualscripting@1.7.8\Editor\VisualScripting.Core\Dependencies\DotNetZip\Unity.VisualScripting.IonicZip.dll
Native extension for WindowsStandalone target not found
Refreshing native plugins compatible for Editor in 0.69 ms, found 4 plugins.
Preloading 0 native plugins for Editor in 0.00 ms.
Mono: successfully reloaded assembly
- Completed reload, in  0.713 seconds
Domain Reload Profiling:
	ReloadAssembly (714ms)
		BeginReloadAssembly (122ms)
			ExecutionOrderSort (0ms)
			DisableScriptedObjects (3ms)
			BackupInstance (0ms)
			ReleaseScriptingObjects (0ms)
			CreateAndSetChildDomain (29ms)
		EndReloadAssembly (507ms)
			LoadAssemblies (92ms)
			RebuildTransferFunctionScriptingTraits (0ms)
			SetupTypeCache (140ms)
			ReleaseScriptCaches (1ms)
			RebuildScriptCaches (28ms)
			SetupLoadedEditorAssemblies (242ms)
				LogAssemblyErrors (0ms)
				InitializePlatformSupportModulesInManaged (9ms)
				SetLoadedEditorAssemblies (0ms)
				RefreshPlugins (1ms)
				BeforeProcessingInitializeOnLoad (68ms)
				ProcessInitializeOnLoadAttributes (119ms)
				ProcessInitializeOnLoadMethodAttributes (23ms)
				AfterProcessingInitializeOnLoad (22ms)
				EditorAssembliesLoaded (0ms)
			ExecutionOrderSort2 (0ms)
			AwakeInstancesAfterBackupRestoration (6ms)
Platform modules already initialized, skipping
Refreshing native plugins compatible for Editor in 1.92 ms, found 4 plugins.
Preloading 0 native plugins for Editor in 0.00 ms.
Unloading 4122 Unused Serialized files (Serialized files now loaded: 0)
Unloading 25 unused Assets / (24.8 KB). Loaded Objects now: 4639.
Memory consumption went from 174.9 MB to 174.9 MB.
Total: 2.225900 ms (FindLiveObjects: 0.226100 ms CreateObjectMapping: 0.053100 ms MarkObjects: 1.933700 ms  DeleteObjects: 0.012300 ms)

AssetImportParameters requested are different than current active one (requested -> active):
  custom:video-decoder-ogg-theora: a1e56fd34408186e4bbccfd4996cb3dc -> 
  custom:container-muxer-webm: aa71ff27fc2769a1b78a27578f13a17b -> 
  custom:container-demuxer-webm: 4f35f7cbe854078d1ac9338744f61a02 -> 
  custom:video-encoder-webm-vp8: eb34c28f22e8b96e1ab97ce403110664 -> 
  custom:audio-encoder-webm-vorbis: bf7c407c2cedff20999df2af8eb42d56 -> 
  custom:framework-win-MediaFoundation: 216162199b28c13a410421893ffa2e32 -> 
  custom:container-demuxer-ogg: 62fdf1f143b41e24485cea50d1cbac27 -> 
  custom:video-decoder-webm-vp8: 9c59270c3fd7afecdb556c50c9e8de78 -> 
  custom:audio-decoder-ogg-vorbis: bf7c407c2cedff20999df2af8eb42d56 -> 
========================================================================
Received Import Request.
  Time since last request: 10.561247 seconds.
  path: Assets/Prefab/Prefab/Brick.prefab
  artifactKey: Guid(79872dc433b87434ca3473ff6453d1d2) Importer(815301076,1909f56bfc062723c751e8b465ee728b)
Start importing Assets/Prefab/Prefab/Brick.prefab using Guid(79872dc433b87434ca3473ff6453d1d2) Importer(815301076,1909f56bfc062723c751e8b465ee728b)  -> (artifact id: '3114f1036b075d63af8a3ce6c5c439e4') in 0.044858 seconds 
========================================================================
Received Import Request.
  Time since last request: 0.000014 seconds.
  path: Assets/Prefab/Prefab/Timber.prefab
  artifactKey: Guid(ea13f397e2c9a4d139e1664e649ca8f4) Importer(815301076,1909f56bfc062723c751e8b465ee728b)
Start importing Assets/Prefab/Prefab/Timber.prefab using Guid(ea13f397e2c9a4d139e1664e649ca8f4) Importer(815301076,1909f56bfc062723c751e8b465ee728b)  -> (artifact id: '25d0ddaee7d414af25777bfbd130e17b') in 0.014036 seconds 
========================================================================
Received Import Request.
  Time since last request: 0.000014 seconds.
  path: Assets/Prefab/Prefab/Player.prefab
  artifactKey: Guid(56efe3c0348f5484e97a59757c08a75d) Importer(815301076,1909f56bfc062723c751e8b465ee728b)
Start importing Assets/Prefab/Prefab/Player.prefab using Guid(56efe3c0348f5484e97a59757c08a75d) Importer(815301076,1909f56bfc062723c751e8b465ee728b)  -> (artifact id: 'b0c918db64865ec9c4c52a48607f7a8d') in 0.010354 seconds 
========================================================================
Received Import Request.
  Time since last request: 0.000017 seconds.
  path: Assets/Prefab/Prefab/GoldIngot.prefab
  artifactKey: Guid(db58b165bdcc34f618e8803d8033e17b) Importer(815301076,1909f56bfc062723c751e8b465ee728b)
Start importing Assets/Prefab/Prefab/GoldIngot.prefab using Guid(db58b165bdcc34f618e8803d8033e17b) Importer(815301076,1909f56bfc062723c751e8b465ee728b)  -> (artifact id: 'ce7abac4d7bdb0af24b0745384645293') in 0.014401 seconds 
========================================================================
Received Prepare
Registering precompiled user dll's ...
Registered in 0.006843 seconds.
Begin MonoManager ReloadAssembly
Symbol file LoadedFromMemory doesn't match image E:\Unity\CardProject\GameProject1\Library\PackageCache\com.unity.visualscripting@1.7.8\Editor\VisualScripting.Core\Dependencies\YamlDotNet\Unity.VisualScripting.YamlDotNet.dll
Symbol file LoadedFromMemory doesn't match image E:\Unity\CardProject\GameProject1\Library\PackageCache\com.unity.visualscripting@1.7.8\Editor\VisualScripting.Core\Dependencies\DotNetZip\Unity.VisualScripting.IonicZip.dll
Native extension for WindowsStandalone target not found
Refreshing native plugins compatible for Editor in 0.80 ms, found 4 plugins.
Preloading 0 native plugins for Editor in 0.00 ms.
Mono: successfully reloaded assembly
- Completed reload, in  0.706 seconds
Domain Reload Profiling:
	ReloadAssembly (707ms)
		BeginReloadAssembly (130ms)
			ExecutionOrderSort (0ms)
			DisableScriptedObjects (3ms)
			BackupInstance (0ms)
			ReleaseScriptingObjects (0ms)
			CreateAndSetChildDomain (29ms)
		EndReloadAssembly (497ms)
			LoadAssemblies (100ms)
			RebuildTransferFunctionScriptingTraits (0ms)
			SetupTypeCache (136ms)
			ReleaseScriptCaches (1ms)
			RebuildScriptCaches (28ms)
			SetupLoadedEditorAssemblies (236ms)
				LogAssemblyErrors (0ms)
				InitializePlatformSupportModulesInManaged (9ms)
				SetLoadedEditorAssemblies (0ms)
				RefreshPlugins (1ms)
				BeforeProcessingInitializeOnLoad (68ms)
				ProcessInitializeOnLoadAttributes (121ms)
				ProcessInitializeOnLoadMethodAttributes (23ms)
				AfterProcessingInitializeOnLoad (13ms)
				EditorAssembliesLoaded (0ms)
			ExecutionOrderSort2 (0ms)
			AwakeInstancesAfterBackupRestoration (6ms)
Platform modules already initialized, skipping
Refreshing native plugins compatible for Editor in 1.90 ms, found 4 plugins.
Preloading 0 native plugins for Editor in 0.00 ms.
Unloading 4122 Unused Serialized files (Serialized files now loaded: 0)
Unloading 25 unused Assets / (24.6 KB). Loaded Objects now: 4642.
Memory consumption went from 174.9 MB to 174.9 MB.
Total: 2.625400 ms (FindLiveObjects: 0.263000 ms CreateObjectMapping: 0.053900 ms MarkObjects: 2.296100 ms  DeleteObjects: 0.011900 ms)

AssetImportParameters requested are different than current active one (requested -> active):
  custom:video-decoder-ogg-theora: a1e56fd34408186e4bbccfd4996cb3dc -> 
  custom:container-muxer-webm: aa71ff27fc2769a1b78a27578f13a17b -> 
  custom:container-demuxer-webm: 4f35f7cbe854078d1ac9338744f61a02 -> 
  custom:video-encoder-webm-vp8: eb34c28f22e8b96e1ab97ce403110664 -> 
  custom:audio-encoder-webm-vorbis: bf7c407c2cedff20999df2af8eb42d56 -> 
  custom:framework-win-MediaFoundation: 216162199b28c13a410421893ffa2e32 -> 
  custom:container-demuxer-ogg: 62fdf1f143b41e24485cea50d1cbac27 -> 
  custom:video-decoder-webm-vp8: 9c59270c3fd7afecdb556c50c9e8de78 -> 
  custom:audio-decoder-ogg-vorbis: bf7c407c2cedff20999df2af8eb42d56 -> 
========================================================================
Received Import Request.
  Time since last request: 13.561331 seconds.
  path: Assets/Prefab/Prefab/Brick.prefab
  artifactKey: Guid(79872dc433b87434ca3473ff6453d1d2) Importer(815301076,1909f56bfc062723c751e8b465ee728b)
Start importing Assets/Prefab/Prefab/Brick.prefab using Guid(79872dc433b87434ca3473ff6453d1d2) Importer(815301076,1909f56bfc062723c751e8b465ee728b)  -> (artifact id: 'f9e590cec4550c2b64a603675de5a45c') in 0.044956 seconds 
========================================================================
Received Import Request.
  Time since last request: 0.000016 seconds.
  path: Assets/Prefab/Prefab/Gold.prefab
  artifactKey: Guid(53ec162b16a74454ab15132c3b50718c) Importer(815301076,1909f56bfc062723c751e8b465ee728b)
Start importing Assets/Prefab/Prefab/Gold.prefab using Guid(53ec162b16a74454ab15132c3b50718c) Importer(815301076,1909f56bfc062723c751e8b465ee728b)  -> (artifact id: 'e7b9eac444131e545975d340e249363f') in 0.012763 seconds 
========================================================================
Received Import Request.
  Time since last request: 0.000016 seconds.
  path: Assets/Prefab/Prefab/IronIngot.prefab
  artifactKey: Guid(ebab837688de34af7887ecdc974d5f40) Importer(815301076,1909f56bfc062723c751e8b465ee728b)
Start importing Assets/Prefab/Prefab/IronIngot.prefab using Guid(ebab837688de34af7887ecdc974d5f40) Importer(815301076,1909f56bfc062723c751e8b465ee728b)  -> (artifact id: '6444d642cc059eae331de30416dc50e3') in 0.013572 seconds 
========================================================================
Received Prepare
Registering precompiled user dll's ...
Registered in 0.005366 seconds.
Begin MonoManager ReloadAssembly
Symbol file LoadedFromMemory doesn't match image E:\Unity\CardProject\GameProject1\Library\PackageCache\com.unity.visualscripting@1.7.8\Editor\VisualScripting.Core\Dependencies\YamlDotNet\Unity.VisualScripting.YamlDotNet.dll
Symbol file LoadedFromMemory doesn't match image E:\Unity\CardProject\GameProject1\Library\PackageCache\com.unity.visualscripting@1.7.8\Editor\VisualScripting.Core\Dependencies\DotNetZip\Unity.VisualScripting.IonicZip.dll
Native extension for WindowsStandalone target not found
Refreshing native plugins compatible for Editor in 1.16 ms, found 4 plugins.
Preloading 0 native plugins for Editor in 0.00 ms.
Mono: successfully reloaded assembly
- Completed reload, in  0.712 seconds
Domain Reload Profiling:
	ReloadAssembly (713ms)
		BeginReloadAssembly (122ms)
			ExecutionOrderSort (0ms)
			DisableScriptedObjects (3ms)
			BackupInstance (0ms)
			ReleaseScriptingObjects (0ms)
			CreateAndSetChildDomain (29ms)
		EndReloadAssembly (502ms)
			LoadAssemblies (90ms)
			RebuildTransferFunctionScriptingTraits (0ms)
			SetupTypeCache (130ms)
			ReleaseScriptCaches (1ms)
			RebuildScriptCaches (27ms)
			SetupLoadedEditorAssemblies (243ms)
				LogAssemblyErrors (0ms)
				InitializePlatformSupportModulesInManaged (10ms)
				SetLoadedEditorAssemblies (0ms)
				RefreshPlugins (1ms)
				BeforeProcessingInitializeOnLoad (69ms)
				ProcessInitializeOnLoadAttributes (118ms)
				ProcessInitializeOnLoadMethodAttributes (24ms)
				AfterProcessingInitializeOnLoad (21ms)
				EditorAssembliesLoaded (0ms)
			ExecutionOrderSort2 (0ms)
			AwakeInstancesAfterBackupRestoration (6ms)
Platform modules already initialized, skipping
Refreshing native plugins compatible for Editor in 1.60 ms, found 4 plugins.
Preloading 0 native plugins for Editor in 0.00 ms.
Unloading 4122 Unused Serialized files (Serialized files now loaded: 0)
Unloading 25 unused Assets / (24.6 KB). Loaded Objects now: 4645.
Memory consumption went from 174.9 MB to 174.9 MB.
Total: 3.569000 ms (FindLiveObjects: 0.432200 ms CreateObjectMapping: 0.156600 ms MarkObjects: 2.953800 ms  DeleteObjects: 0.025800 ms)

AssetImportParameters requested are different than current active one (requested -> active):
  custom:video-decoder-ogg-theora: a1e56fd34408186e4bbccfd4996cb3dc -> 
  custom:container-muxer-webm: aa71ff27fc2769a1b78a27578f13a17b -> 
  custom:container-demuxer-webm: 4f35f7cbe854078d1ac9338744f61a02 -> 
  custom:video-encoder-webm-vp8: eb34c28f22e8b96e1ab97ce403110664 -> 
  custom:audio-encoder-webm-vorbis: bf7c407c2cedff20999df2af8eb42d56 -> 
  custom:framework-win-MediaFoundation: 216162199b28c13a410421893ffa2e32 -> 
  custom:container-demuxer-ogg: 62fdf1f143b41e24485cea50d1cbac27 -> 
  custom:video-decoder-webm-vp8: 9c59270c3fd7afecdb556c50c9e8de78 -> 
  custom:audio-decoder-ogg-vorbis: bf7c407c2cedff20999df2af8eb42d56 -> 
========================================================================
Received Import Request.
  Time since last request: 3.049410 seconds.
  path: Assets/Prefab/Prefab/GoldIngot.prefab
  artifactKey: Guid(db58b165bdcc34f618e8803d8033e17b) Importer(815301076,1909f56bfc062723c751e8b465ee728b)
Start importing Assets/Prefab/Prefab/GoldIngot.prefab using Guid(db58b165bdcc34f618e8803d8033e17b) Importer(815301076,1909f56bfc062723c751e8b465ee728b)  -> (artifact id: 'ca45cf6c2cc6a6c6f370ff5da5a6da2f') in 0.053523 seconds 
========================================================================
Received Import Request.
  Time since last request: 0.000013 seconds.
  path: Assets/Prefab/Prefab/Rock.prefab
  artifactKey: Guid(9c295f9a9c8e8dc4cb51766a7742547d) Importer(815301076,1909f56bfc062723c751e8b465ee728b)
Start importing Assets/Prefab/Prefab/Rock.prefab using Guid(9c295f9a9c8e8dc4cb51766a7742547d) Importer(815301076,1909f56bfc062723c751e8b465ee728b)  -> (artifact id: 'c79e854ef343dff3432067f294c26a16') in 0.011726 seconds 
========================================================================
Received Import Request.
  Time since last request: 4.592923 seconds.
  path: Assets/Prefab/Prefab/Brick.prefab
  artifactKey: Guid(79872dc433b87434ca3473ff6453d1d2) Importer(815301076,1909f56bfc062723c751e8b465ee728b)
Start importing Assets/Prefab/Prefab/Brick.prefab using Guid(79872dc433b87434ca3473ff6453d1d2) Importer(815301076,1909f56bfc062723c751e8b465ee728b)  -> (artifact id: '4a609595ce6f0cf9396fa101407336c0') in 0.014429 seconds 
========================================================================
Received Import Request.
  Time since last request: 0.000014 seconds.
  path: Assets/Prefab/Prefab/Wood.prefab
  artifactKey: Guid(4d319b66fe1dab247a49fb537bd1ea74) Importer(815301076,1909f56bfc062723c751e8b465ee728b)
Start importing Assets/Prefab/Prefab/Wood.prefab using Guid(4d319b66fe1dab247a49fb537bd1ea74) Importer(815301076,1909f56bfc062723c751e8b465ee728b)  -> (artifact id: 'adf7a7b7eef473154ec068040a2be245') in 0.012731 seconds 
========================================================================
Received Import Request.
  Time since last request: 0.000015 seconds.
  path: Assets/Prefab/Prefab/Shadow.prefab
  artifactKey: Guid(34bb9baed46cbcd4a8b331ef294dc067) Importer(815301076,1909f56bfc062723c751e8b465ee728b)
Start importing Assets/Prefab/Prefab/Shadow.prefab using Guid(34bb9baed46cbcd4a8b331ef294dc067) Importer(815301076,1909f56bfc062723c751e8b465ee728b)  -> (artifact id: '6335fbcf15905e7237e9f1a6ac10c4e2') in 0.018714 seconds 
========================================================================
Received Import Request.
  Time since last request: 0.000015 seconds.
  path: Assets/Prefab/Prefab/StrawBerryTree.prefab
  artifactKey: Guid(31c77a33f5eebf3438571f95e189abf4) Importer(815301076,1909f56bfc062723c751e8b465ee728b)
Start importing Assets/Prefab/Prefab/StrawBerryTree.prefab using Guid(31c77a33f5eebf3438571f95e189abf4) Importer(815301076,1909f56bfc062723c751e8b465ee728b)  -> (artifact id: '53bb2fc94e22bf2142491648c993eaa4') in 0.010610 seconds 
========================================================================
Received Prepare
Registering precompiled user dll's ...
Registered in 0.007798 seconds.
Begin MonoManager ReloadAssembly
Symbol file LoadedFromMemory doesn't match image E:\Unity\CardProject\GameProject1\Library\PackageCache\com.unity.visualscripting@1.7.8\Editor\VisualScripting.Core\Dependencies\YamlDotNet\Unity.VisualScripting.YamlDotNet.dll
Symbol file LoadedFromMemory doesn't match image E:\Unity\CardProject\GameProject1\Library\PackageCache\com.unity.visualscripting@1.7.8\Editor\VisualScripting.Core\Dependencies\DotNetZip\Unity.VisualScripting.IonicZip.dll
Native extension for WindowsStandalone target not found
Refreshing native plugins compatible for Editor in 0.68 ms, found 4 plugins.
Preloading 0 native plugins for Editor in 0.00 ms.
Mono: successfully reloaded assembly
- Completed reload, in  0.720 seconds
Domain Reload Profiling:
	ReloadAssembly (721ms)
		BeginReloadAssembly (123ms)
			ExecutionOrderSort (0ms)
			DisableScriptedObjects (3ms)
			BackupInstance (0ms)
			ReleaseScriptingObjects (0ms)
			CreateAndSetChildDomain (29ms)
		EndReloadAssembly (511ms)
			LoadAssemblies (91ms)
			RebuildTransferFunctionScriptingTraits (0ms)
			SetupTypeCache (136ms)
			ReleaseScriptCaches (1ms)
			RebuildScriptCaches (27ms)
			SetupLoadedEditorAssemblies (251ms)
				LogAssemblyErrors (0ms)
				InitializePlatformSupportModulesInManaged (9ms)
				SetLoadedEditorAssemblies (0ms)
				RefreshPlugins (1ms)
				BeforeProcessingInitializeOnLoad (69ms)
				ProcessInitializeOnLoadAttributes (119ms)
				ProcessInitializeOnLoadMethodAttributes (23ms)
				AfterProcessingInitializeOnLoad (30ms)
				EditorAssembliesLoaded (0ms)
			ExecutionOrderSort2 (0ms)
			AwakeInstancesAfterBackupRestoration (6ms)
Platform modules already initialized, skipping
Refreshing native plugins compatible for Editor in 2.99 ms, found 4 plugins.
Preloading 0 native plugins for Editor in 0.00 ms.
Unloading 4122 Unused Serialized files (Serialized files now loaded: 0)
Unloading 25 unused Assets / (24.7 KB). Loaded Objects now: 4648.
Memory consumption went from 175.0 MB to 174.9 MB.
Total: 3.188800 ms (FindLiveObjects: 0.251900 ms CreateObjectMapping: 0.059500 ms MarkObjects: 2.862000 ms  DeleteObjects: 0.015000 ms)

AssetImportParameters requested are different than current active one (requested -> active):
  custom:video-decoder-ogg-theora: a1e56fd34408186e4bbccfd4996cb3dc -> 
  custom:container-muxer-webm: aa71ff27fc2769a1b78a27578f13a17b -> 
  custom:container-demuxer-webm: 4f35f7cbe854078d1ac9338744f61a02 -> 
  custom:video-encoder-webm-vp8: eb34c28f22e8b96e1ab97ce403110664 -> 
  custom:audio-encoder-webm-vorbis: bf7c407c2cedff20999df2af8eb42d56 -> 
  custom:framework-win-MediaFoundation: 216162199b28c13a410421893ffa2e32 -> 
  custom:container-demuxer-ogg: 62fdf1f143b41e24485cea50d1cbac27 -> 
  custom:video-decoder-webm-vp8: 9c59270c3fd7afecdb556c50c9e8de78 -> 
  custom:audio-decoder-ogg-vorbis: bf7c407c2cedff20999df2af8eb42d56 -> 
========================================================================
Received Import Request.
  Time since last request: 10.818516 seconds.
  path: Assets/Prefab/Prefab/Brick.prefab
  artifactKey: Guid(79872dc433b87434ca3473ff6453d1d2) Importer(815301076,1909f56bfc062723c751e8b465ee728b)
Start importing Assets/Prefab/Prefab/Brick.prefab using Guid(79872dc433b87434ca3473ff6453d1d2) Importer(815301076,1909f56bfc062723c751e8b465ee728b)  -> (artifact id: 'dbe756e4f07ac7777fd719846351af17') in 0.093355 seconds 
========================================================================
Received Import Request.
  Time since last request: 0.000015 seconds.
  path: Assets/Prefab/Prefab/Tree.prefab
  artifactKey: Guid(ea597eebc28a4e5488438ed56cc0d945) Importer(815301076,1909f56bfc062723c751e8b465ee728b)
Start importing Assets/Prefab/Prefab/Tree.prefab using Guid(ea597eebc28a4e5488438ed56cc0d945) Importer(815301076,1909f56bfc062723c751e8b465ee728b)  -> (artifact id: '47416d86752a1c0bf6bc1e0cc4bf32be') in 0.085629 seconds 
========================================================================
Received Import Request.
  Time since last request: 0.000013 seconds.
  path: Assets/Prefab/Prefab/IronIngot.prefab
  artifactKey: Guid(ebab837688de34af7887ecdc974d5f40) Importer(815301076,1909f56bfc062723c751e8b465ee728b)
Start importing Assets/Prefab/Prefab/IronIngot.prefab using Guid(ebab837688de34af7887ecdc974d5f40) Importer(815301076,1909f56bfc062723c751e8b465ee728b)  -> (artifact id: 'b934a92bad9aea1a17c0918ae76acd8f') in 0.019479 seconds 
========================================================================
Received Import Request.
  Time since last request: 0.000007 seconds.
  path: Assets/Prefab/Prefab/Stone.prefab
  artifactKey: Guid(c9897b3da5ffcb1489d59c37cc58c638) Importer(815301076,1909f56bfc062723c751e8b465ee728b)
Start importing Assets/Prefab/Prefab/Stone.prefab using Guid(c9897b3da5ffcb1489d59c37cc58c638) Importer(815301076,1909f56bfc062723c751e8b465ee728b)  -> (artifact id: 'b64a0beca97fa48d8bac092fa644198b') in 0.035211 seconds 
========================================================================
Received Import Request.
  Time since last request: 0.000015 seconds.
  path: Assets/Prefab/Prefab/Shadow.prefab
  artifactKey: Guid(34bb9baed46cbcd4a8b331ef294dc067) Importer(815301076,1909f56bfc062723c751e8b465ee728b)
Start importing Assets/Prefab/Prefab/Shadow.prefab using Guid(34bb9baed46cbcd4a8b331ef294dc067) Importer(815301076,1909f56bfc062723c751e8b465ee728b)  -> (artifact id: '3b21788485de0f420cdd7b0cede45955') in 0.106364 seconds 
========================================================================
Received Prepare
Registering precompiled user dll's ...
Registered in 0.006524 seconds.
Begin MonoManager ReloadAssembly
Symbol file LoadedFromMemory doesn't match image E:\Unity\CardProject\GameProject1\Library\PackageCache\com.unity.visualscripting@1.7.8\Editor\VisualScripting.Core\Dependencies\YamlDotNet\Unity.VisualScripting.YamlDotNet.dll
Symbol file LoadedFromMemory doesn't match image E:\Unity\CardProject\GameProject1\Library\PackageCache\com.unity.visualscripting@1.7.8\Editor\VisualScripting.Core\Dependencies\DotNetZip\Unity.VisualScripting.IonicZip.dll
Native extension for WindowsStandalone target not found
Refreshing native plugins compatible for Editor in 0.67 ms, found 4 plugins.
Preloading 0 native plugins for Editor in 0.00 ms.
Mono: successfully reloaded assembly
- Completed reload, in  0.714 seconds
Domain Reload Profiling:
	ReloadAssembly (715ms)
		BeginReloadAssembly (130ms)
			ExecutionOrderSort (0ms)
			DisableScriptedObjects (4ms)
			BackupInstance (0ms)
			ReleaseScriptingObjects (0ms)
			CreateAndSetChildDomain (28ms)
		EndReloadAssembly (500ms)
			LoadAssemblies (100ms)
			RebuildTransferFunctionScriptingTraits (0ms)
			SetupTypeCache (133ms)
			ReleaseScriptCaches (1ms)
			RebuildScriptCaches (27ms)
			SetupLoadedEditorAssemblies (237ms)
				LogAssemblyErrors (0ms)
				InitializePlatformSupportModulesInManaged (15ms)
				SetLoadedEditorAssemblies (0ms)
				RefreshPlugins (1ms)
				BeforeProcessingInitializeOnLoad (62ms)
				ProcessInitializeOnLoadAttributes (118ms)
				ProcessInitializeOnLoadMethodAttributes (25ms)
				AfterProcessingInitializeOnLoad (16ms)
				EditorAssembliesLoaded (0ms)
			ExecutionOrderSort2 (0ms)
			AwakeInstancesAfterBackupRestoration (6ms)
Platform modules already initialized, skipping
Refreshing native plugins compatible for Editor in 1.84 ms, found 4 plugins.
Preloading 0 native plugins for Editor in 0.00 ms.
Unloading 4122 Unused Serialized files (Serialized files now loaded: 0)
Unloading 25 unused Assets / (24.6 KB). Loaded Objects now: 4651.
Memory consumption went from 175.0 MB to 174.9 MB.
Total: 2.436500 ms (FindLiveObjects: 0.243600 ms CreateObjectMapping: 0.051900 ms MarkObjects: 2.125800 ms  DeleteObjects: 0.014800 ms)

AssetImportParameters requested are different than current active one (requested -> active):
  custom:video-decoder-ogg-theora: a1e56fd34408186e4bbccfd4996cb3dc -> 
  custom:container-muxer-webm: aa71ff27fc2769a1b78a27578f13a17b -> 
  custom:container-demuxer-webm: 4f35f7cbe854078d1ac9338744f61a02 -> 
  custom:video-encoder-webm-vp8: eb34c28f22e8b96e1ab97ce403110664 -> 
  custom:audio-encoder-webm-vorbis: bf7c407c2cedff20999df2af8eb42d56 -> 
  custom:framework-win-MediaFoundation: 216162199b28c13a410421893ffa2e32 -> 
  custom:container-demuxer-ogg: 62fdf1f143b41e24485cea50d1cbac27 -> 
  custom:video-decoder-webm-vp8: 9c59270c3fd7afecdb556c50c9e8de78 -> 
  custom:audio-decoder-ogg-vorbis: bf7c407c2cedff20999df2af8eb42d56 -> 
